[2025-10-21 18:25:17] [INFO]    [OmnipathR] Welcome to OmnipathR!
[2025-10-21 18:25:17] [TRACE]   [OmnipathR] Reading JSON from `/home/marcelo.hurtado/.cache/OmnipathR/cache.json` (encoding: UTF-8).
[2025-10-21 18:25:17] [TRACE]   [OmnipathR] JSON validation successful: TRUE
[2025-10-21 18:25:17] [INFO]    [OmnipathR] Initialized cache: `/home/marcelo.hurtado/.cache/OmnipathR`.
[2025-10-21 18:25:17] [TRACE]   [OmnipathR] Reading JSON from `/home/marcelo.hurtado/R/x86_64-pc-linux-gnu-library/4.3/OmnipathR/db/db_def.json` (encoding: UTF-8).
[2025-10-21 18:25:17] [TRACE]   [OmnipathR] JSON validation successful: TRUE
[2025-10-21 18:25:17] [TRACE]   [OmnipathR] Reading JSON from `/home/marcelo.hurtado/R/x86_64-pc-linux-gnu-library/4.3/OmnipathR/internal/magic_bytes.json` (encoding: UTF-8).
[2025-10-21 18:25:17] [TRACE]   [OmnipathR] JSON validation successful: TRUE
[2025-10-21 18:25:17] [TRACE]   [OmnipathR] Reading JSON from `/home/marcelo.hurtado/R/x86_64-pc-linux-gnu-library/4.3/OmnipathR/internal/urls.json` (encoding: UTF-8).
[2025-10-21 18:25:17] [TRACE]   [OmnipathR] JSON validation successful: TRUE
[2025-10-21 18:25:17] [TRACE]   [OmnipathR] Reading JSON from `/home/marcelo.hurtado/R/x86_64-pc-linux-gnu-library/4.3/OmnipathR/internal/id_types.json` (encoding: UTF-8).
[2025-10-21 18:25:17] [TRACE]   [OmnipathR] JSON validation successful: TRUE
[2025-10-21 18:25:17] [INFO]    [OmnipathR] Loading database `Ensembl and OMA organism names`.
[2025-10-21 18:25:17] [INFO]    [OmnipathR] Looking up in cache `https://www.ensembl.org/info/about/species.html`: key=7332486db7400730697234bad76ca0c8e4d00799, latest version=1.
[2025-10-21 18:25:17] [TRACE]   [OmnipathR] Cache file path: /home/marcelo.hurtado/.cache/OmnipathR/7332486db7400730697234bad76ca0c8e4d00799-1.html
[2025-10-21 18:25:17] [TRACE]   [OmnipathR] Looking up in cache: `https://omabrowser.org/All/oma-species.txt`.
[2025-10-21 18:25:17] [TRACE]   [OmnipathR] Loaded data from RDS `/home/marcelo.hurtado/.cache/OmnipathR/30e690cbb55dfc63b5903ab337f34ffc2f4be397-1.rds`.
[2025-10-21 18:25:17] [INFO]    [OmnipathR] Loaded database `Ensembl and OMA organism names`.
[2025-10-21 18:25:17] [TRACE]   [OmnipathR] Looking up in cache: `https://omnipathdb.org/interactions?genesymbols=yes&datasets=collectri&organisms=9606&dorothea_levels=A,B&fields=extra_attrs,evidences,sources,references,curation_effort&loops=yes&license=academic`
[2025-10-21 18:25:18] [TRACE]   [OmnipathR] Loaded data from RDS `/home/marcelo.hurtado/.cache/OmnipathR/5e82de18cbd9b5d9237867d70ab653aa2a24da2e-1.rds`.
[2025-10-21 18:25:18] [INFO]    [OmnipathR] Loaded from cache: `https://omnipathdb.org/interactions?genesymbols=yes&datasets=collectri&organisms=9606&dorothea_levels=A,B&fields=extra_attrs,evidences,sources,references,curation_effort&loops=yes&license=academic`
[2025-10-21 18:25:18] [TRACE]   [OmnipathR] Converting JSON column `extra_attrs` to list.
[2025-10-21 18:25:18] [TRACE]   [OmnipathR] Converting JSON column `evidences` to list.
[2025-10-21 18:25:21] [TRACE]   [OmnipathR] Restricting interaction records to datasets: collectri; and resources: any
[2025-10-21 18:25:22] [TRACE]   [OmnipathR] Filtering evidence columns: positive, negative, directed, undirected; to datasets: collectri; and resources: any
[2025-10-21 18:25:43] [SUCCESS] [OmnipathR] Downloaded 64958 interactions.
[2025-10-21 18:25:44] [TRACE]   [OmnipathR] Reading JSON from `https://omnipathdb.org/resources` (encoding: UTF-8).
[2025-10-21 18:25:44] [TRACE]   [OmnipathR] JSON validation successful: TRUE
[2025-10-21 18:25:44] [TRACE]   [OmnipathR] Looking up in cache: `https://omnipathdb.org/interactions?genesymbols=yes&resources=CollecTRI&datasets=tf_mirna&organisms=9606&fields=extra_attrs,evidences,sources,references,curation_effort&license=academic`
[2025-10-21 18:25:44] [TRACE]   [OmnipathR] Loaded data from RDS `/home/marcelo.hurtado/.cache/OmnipathR/911416570c2aaa914be32ebf7b85e1eb3d1ff162-1.rds`.
[2025-10-21 18:25:44] [INFO]    [OmnipathR] Loaded from cache: `https://omnipathdb.org/interactions?genesymbols=yes&resources=CollecTRI&datasets=tf_mirna&organisms=9606&fields=extra_attrs,evidences,sources,references,curation_effort&license=academic`
[2025-10-21 18:25:44] [TRACE]   [OmnipathR] Converting JSON column `extra_attrs` to list.
[2025-10-21 18:25:44] [TRACE]   [OmnipathR] Converting JSON column `evidences` to list.
[2025-10-21 18:25:44] [TRACE]   [OmnipathR] Restricting interaction records to datasets: tf_mirna; and resources: CollecTRI
[2025-10-21 18:25:44] [TRACE]   [OmnipathR] Filtering evidence columns: positive, negative, directed, undirected; to datasets: tf_mirna; and resources: CollecTRI
[2025-10-21 18:25:44] [SUCCESS] [OmnipathR] Downloaded 232 interactions.
[2025-10-21 18:25:53] [TRACE]   [OmnipathR] Reading JSON from `https://omnipathdb.org/resources` (encoding: UTF-8).
[2025-10-21 18:25:53] [TRACE]   [OmnipathR] JSON validation successful: TRUE
[2025-10-21 18:25:53] [TRACE]   [OmnipathR] Reading JSON from `https://omnipathdb.org/resources` (encoding: UTF-8).
[2025-10-21 18:25:53] [TRACE]   [OmnipathR] JSON validation successful: TRUE
[2025-10-21 18:25:53] [TRACE]   [OmnipathR] Looking up in cache: `https://omnipathdb.org/annotations?resources=PROGENy&license=academic`
[2025-10-21 18:25:53] [TRACE]   [OmnipathR] Loaded data from RDS `/home/marcelo.hurtado/.cache/OmnipathR/3492392585ba05414edfae46801492076437d7e7-1.rds`.
[2025-10-21 18:25:53] [INFO]    [OmnipathR] Loaded from cache: `https://omnipathdb.org/annotations?resources=PROGENy&license=academic`
[2025-10-21 18:25:54] [SUCCESS] [OmnipathR] Loaded 700239 annotation records from cache.
[2025-10-21 18:29:07] [TRACE]   [OmnipathR] Looking up in cache: `https://omnipathdb.org/interactions?genesymbols=yes&datasets=collectri&organisms=9606&dorothea_levels=A,B&fields=extra_attrs,evidences,sources,references,curation_effort&loops=yes&license=academic`
[2025-10-21 18:29:08] [TRACE]   [OmnipathR] Loaded data from RDS `/home/marcelo.hurtado/.cache/OmnipathR/5e82de18cbd9b5d9237867d70ab653aa2a24da2e-1.rds`.
[2025-10-21 18:29:08] [INFO]    [OmnipathR] Loaded from cache: `https://omnipathdb.org/interactions?genesymbols=yes&datasets=collectri&organisms=9606&dorothea_levels=A,B&fields=extra_attrs,evidences,sources,references,curation_effort&loops=yes&license=academic`
[2025-10-21 18:29:08] [TRACE]   [OmnipathR] Converting JSON column `extra_attrs` to list.
[2025-10-21 18:29:08] [TRACE]   [OmnipathR] Converting JSON column `evidences` to list.
[2025-10-21 18:29:10] [TRACE]   [OmnipathR] Restricting interaction records to datasets: collectri; and resources: any
[2025-10-21 18:29:12] [TRACE]   [OmnipathR] Filtering evidence columns: positive, negative, directed, undirected; to datasets: collectri; and resources: any
[2025-10-21 18:29:33] [SUCCESS] [OmnipathR] Downloaded 64958 interactions.
[2025-10-21 18:29:33] [TRACE]   [OmnipathR] Reading JSON from `https://omnipathdb.org/resources` (encoding: UTF-8).
[2025-10-21 18:29:33] [TRACE]   [OmnipathR] JSON validation successful: TRUE
[2025-10-21 18:29:33] [TRACE]   [OmnipathR] Looking up in cache: `https://omnipathdb.org/interactions?genesymbols=yes&resources=CollecTRI&datasets=tf_mirna&organisms=9606&fields=extra_attrs,evidences,sources,references,curation_effort&license=academic`
[2025-10-21 18:29:33] [TRACE]   [OmnipathR] Loaded data from RDS `/home/marcelo.hurtado/.cache/OmnipathR/911416570c2aaa914be32ebf7b85e1eb3d1ff162-1.rds`.
[2025-10-21 18:29:33] [INFO]    [OmnipathR] Loaded from cache: `https://omnipathdb.org/interactions?genesymbols=yes&resources=CollecTRI&datasets=tf_mirna&organisms=9606&fields=extra_attrs,evidences,sources,references,curation_effort&license=academic`
[2025-10-21 18:29:33] [TRACE]   [OmnipathR] Converting JSON column `extra_attrs` to list.
[2025-10-21 18:29:33] [TRACE]   [OmnipathR] Converting JSON column `evidences` to list.
[2025-10-21 18:29:33] [TRACE]   [OmnipathR] Restricting interaction records to datasets: tf_mirna; and resources: CollecTRI
[2025-10-21 18:29:33] [TRACE]   [OmnipathR] Filtering evidence columns: positive, negative, directed, undirected; to datasets: tf_mirna; and resources: CollecTRI
[2025-10-21 18:29:33] [SUCCESS] [OmnipathR] Downloaded 232 interactions.
[2025-10-21 18:30:32] [TRACE]   [OmnipathR] Looking up in cache: `https://omnipathdb.org/interactions?genesymbols=yes&datasets=collectri&organisms=9606&dorothea_levels=A,B&fields=extra_attrs,evidences,sources,references,curation_effort&loops=yes&license=academic`
[2025-10-21 18:30:32] [TRACE]   [OmnipathR] Loaded data from RDS `/home/marcelo.hurtado/.cache/OmnipathR/5e82de18cbd9b5d9237867d70ab653aa2a24da2e-1.rds`.
[2025-10-21 18:30:32] [INFO]    [OmnipathR] Loaded from cache: `https://omnipathdb.org/interactions?genesymbols=yes&datasets=collectri&organisms=9606&dorothea_levels=A,B&fields=extra_attrs,evidences,sources,references,curation_effort&loops=yes&license=academic`
[2025-10-21 18:30:32] [TRACE]   [OmnipathR] Converting JSON column `extra_attrs` to list.
[2025-10-21 18:30:33] [TRACE]   [OmnipathR] Converting JSON column `evidences` to list.
[2025-10-21 18:30:34] [TRACE]   [OmnipathR] Restricting interaction records to datasets: collectri; and resources: any
[2025-10-21 18:30:36] [TRACE]   [OmnipathR] Filtering evidence columns: positive, negative, directed, undirected; to datasets: collectri; and resources: any
[2025-10-21 18:30:59] [SUCCESS] [OmnipathR] Downloaded 64958 interactions.
[2025-10-21 18:30:59] [TRACE]   [OmnipathR] Reading JSON from `https://omnipathdb.org/resources` (encoding: UTF-8).
[2025-10-21 18:30:59] [TRACE]   [OmnipathR] JSON validation successful: TRUE
[2025-10-21 18:30:59] [TRACE]   [OmnipathR] Looking up in cache: `https://omnipathdb.org/interactions?genesymbols=yes&resources=CollecTRI&datasets=tf_mirna&organisms=9606&fields=extra_attrs,evidences,sources,references,curation_effort&license=academic`
[2025-10-21 18:30:59] [TRACE]   [OmnipathR] Loaded data from RDS `/home/marcelo.hurtado/.cache/OmnipathR/911416570c2aaa914be32ebf7b85e1eb3d1ff162-1.rds`.
[2025-10-21 18:30:59] [INFO]    [OmnipathR] Loaded from cache: `https://omnipathdb.org/interactions?genesymbols=yes&resources=CollecTRI&datasets=tf_mirna&organisms=9606&fields=extra_attrs,evidences,sources,references,curation_effort&license=academic`
[2025-10-21 18:30:59] [TRACE]   [OmnipathR] Converting JSON column `extra_attrs` to list.
[2025-10-21 18:30:59] [TRACE]   [OmnipathR] Converting JSON column `evidences` to list.
[2025-10-21 18:30:59] [TRACE]   [OmnipathR] Restricting interaction records to datasets: tf_mirna; and resources: CollecTRI
[2025-10-21 18:30:59] [TRACE]   [OmnipathR] Filtering evidence columns: positive, negative, directed, undirected; to datasets: tf_mirna; and resources: CollecTRI
[2025-10-21 18:31:00] [SUCCESS] [OmnipathR] Downloaded 232 interactions.
[2025-10-21 18:39:09] [TRACE]   [OmnipathR] Looking up in cache: `https://omnipathdb.org/interactions?genesymbols=yes&datasets=collectri&organisms=9606&dorothea_levels=A,B&fields=extra_attrs,evidences,sources,references,curation_effort&loops=yes&license=academic`
[2025-10-21 18:39:09] [TRACE]   [OmnipathR] Loaded data from RDS `/home/marcelo.hurtado/.cache/OmnipathR/5e82de18cbd9b5d9237867d70ab653aa2a24da2e-1.rds`.
[2025-10-21 18:39:09] [INFO]    [OmnipathR] Loaded from cache: `https://omnipathdb.org/interactions?genesymbols=yes&datasets=collectri&organisms=9606&dorothea_levels=A,B&fields=extra_attrs,evidences,sources,references,curation_effort&loops=yes&license=academic`
[2025-10-21 18:39:09] [TRACE]   [OmnipathR] Converting JSON column `extra_attrs` to list.
[2025-10-21 18:39:10] [TRACE]   [OmnipathR] Converting JSON column `evidences` to list.
[2025-10-21 18:39:12] [TRACE]   [OmnipathR] Restricting interaction records to datasets: collectri; and resources: any
[2025-10-21 18:39:13] [TRACE]   [OmnipathR] Filtering evidence columns: positive, negative, directed, undirected; to datasets: collectri; and resources: any
[2025-10-21 18:39:37] [TRACE]   [OmnipathR] Looking up in cache: `https://omnipathdb.org/interactions?genesymbols=yes&datasets=collectri&organisms=9606&dorothea_levels=A,B&fields=extra_attrs,evidences,sources,references,curation_effort&loops=yes&license=academic`
[2025-10-21 18:39:37] [TRACE]   [OmnipathR] Loaded data from RDS `/home/marcelo.hurtado/.cache/OmnipathR/5e82de18cbd9b5d9237867d70ab653aa2a24da2e-1.rds`.
[2025-10-21 18:39:37] [INFO]    [OmnipathR] Loaded from cache: `https://omnipathdb.org/interactions?genesymbols=yes&datasets=collectri&organisms=9606&dorothea_levels=A,B&fields=extra_attrs,evidences,sources,references,curation_effort&loops=yes&license=academic`
[2025-10-21 18:39:37] [TRACE]   [OmnipathR] Converting JSON column `extra_attrs` to list.
[2025-10-21 18:39:38] [TRACE]   [OmnipathR] Converting JSON column `evidences` to list.
[2025-10-21 18:39:39] [TRACE]   [OmnipathR] Restricting interaction records to datasets: collectri; and resources: any
[2025-10-21 18:39:41] [TRACE]   [OmnipathR] Filtering evidence columns: positive, negative, directed, undirected; to datasets: collectri; and resources: any
[2025-10-21 18:40:05] [SUCCESS] [OmnipathR] Downloaded 64958 interactions.
[2025-10-21 18:40:06] [TRACE]   [OmnipathR] Reading JSON from `https://omnipathdb.org/resources` (encoding: UTF-8).
[2025-10-21 18:40:06] [TRACE]   [OmnipathR] JSON validation successful: TRUE
[2025-10-21 18:40:06] [TRACE]   [OmnipathR] Looking up in cache: `https://omnipathdb.org/interactions?genesymbols=yes&resources=CollecTRI&datasets=tf_mirna&organisms=9606&fields=extra_attrs,evidences,sources,references,curation_effort&license=academic`
[2025-10-21 18:40:06] [TRACE]   [OmnipathR] Loaded data from RDS `/home/marcelo.hurtado/.cache/OmnipathR/911416570c2aaa914be32ebf7b85e1eb3d1ff162-1.rds`.
[2025-10-21 18:40:06] [INFO]    [OmnipathR] Loaded from cache: `https://omnipathdb.org/interactions?genesymbols=yes&resources=CollecTRI&datasets=tf_mirna&organisms=9606&fields=extra_attrs,evidences,sources,references,curation_effort&license=academic`
[2025-10-21 18:40:06] [TRACE]   [OmnipathR] Converting JSON column `extra_attrs` to list.
[2025-10-21 18:40:06] [TRACE]   [OmnipathR] Converting JSON column `evidences` to list.
[2025-10-21 18:40:06] [TRACE]   [OmnipathR] Restricting interaction records to datasets: tf_mirna; and resources: CollecTRI
[2025-10-21 18:40:06] [TRACE]   [OmnipathR] Filtering evidence columns: positive, negative, directed, undirected; to datasets: tf_mirna; and resources: CollecTRI
[2025-10-21 18:40:06] [SUCCESS] [OmnipathR] Downloaded 232 interactions.
[2025-10-21 18:40:07] [TRACE]   [OmnipathR] Looking up in cache: `https://omnipathdb.org/interactions?genesymbols=yes&datasets=collectri&organisms=9606&dorothea_levels=A,B&fields=extra_attrs,evidences,sources,references,curation_effort&loops=yes&license=academic`
[2025-10-21 18:40:07] [TRACE]   [OmnipathR] Loaded data from RDS `/home/marcelo.hurtado/.cache/OmnipathR/5e82de18cbd9b5d9237867d70ab653aa2a24da2e-1.rds`.
[2025-10-21 18:40:07] [INFO]    [OmnipathR] Loaded from cache: `https://omnipathdb.org/interactions?genesymbols=yes&datasets=collectri&organisms=9606&dorothea_levels=A,B&fields=extra_attrs,evidences,sources,references,curation_effort&loops=yes&license=academic`
[2025-10-21 18:40:07] [TRACE]   [OmnipathR] Converting JSON column `extra_attrs` to list.
[2025-10-21 18:40:08] [TRACE]   [OmnipathR] Converting JSON column `evidences` to list.
[2025-10-21 18:40:11] [TRACE]   [OmnipathR] Restricting interaction records to datasets: collectri; and resources: any
[2025-10-21 18:40:12] [TRACE]   [OmnipathR] Filtering evidence columns: positive, negative, directed, undirected; to datasets: collectri; and resources: any
[2025-10-21 18:40:34] [SUCCESS] [OmnipathR] Downloaded 64958 interactions.
[2025-10-21 18:40:34] [TRACE]   [OmnipathR] Reading JSON from `https://omnipathdb.org/resources` (encoding: UTF-8).
[2025-10-21 18:40:34] [TRACE]   [OmnipathR] JSON validation successful: TRUE
[2025-10-21 18:40:34] [TRACE]   [OmnipathR] Looking up in cache: `https://omnipathdb.org/interactions?genesymbols=yes&resources=CollecTRI&datasets=tf_mirna&organisms=9606&fields=extra_attrs,evidences,sources,references,curation_effort&license=academic`
[2025-10-21 18:40:34] [TRACE]   [OmnipathR] Loaded data from RDS `/home/marcelo.hurtado/.cache/OmnipathR/911416570c2aaa914be32ebf7b85e1eb3d1ff162-1.rds`.
[2025-10-21 18:40:34] [INFO]    [OmnipathR] Loaded from cache: `https://omnipathdb.org/interactions?genesymbols=yes&resources=CollecTRI&datasets=tf_mirna&organisms=9606&fields=extra_attrs,evidences,sources,references,curation_effort&license=academic`
[2025-10-21 18:40:34] [TRACE]   [OmnipathR] Converting JSON column `extra_attrs` to list.
[2025-10-21 18:40:34] [TRACE]   [OmnipathR] Converting JSON column `evidences` to list.
[2025-10-21 18:40:34] [TRACE]   [OmnipathR] Restricting interaction records to datasets: tf_mirna; and resources: CollecTRI
[2025-10-21 18:40:34] [TRACE]   [OmnipathR] Filtering evidence columns: positive, negative, directed, undirected; to datasets: tf_mirna; and resources: CollecTRI
[2025-10-21 18:40:34] [SUCCESS] [OmnipathR] Downloaded 232 interactions.
