[2025-05-28 01:56:50] [INFO]    [OmnipathR] Welcome to OmnipathR!
[2025-05-28 01:56:50] [TRACE]   [OmnipathR] Reading JSON from `/home/marcelo.hurtado/.cache/OmnipathR/cache.json` (encoding: UTF-8).
[2025-05-28 01:56:50] [TRACE]   [OmnipathR] JSON validation successful: TRUE
[2025-05-28 01:56:50] [INFO]    [OmnipathR] Initialized cache: `/home/marcelo.hurtado/.cache/OmnipathR`.
[2025-05-28 01:56:50] [TRACE]   [OmnipathR] Reading JSON from `/home/marcelo.hurtado/R/x86_64-pc-linux-gnu-library/4.3/OmnipathR/db/db_def.json` (encoding: UTF-8).
[2025-05-28 01:56:50] [TRACE]   [OmnipathR] JSON validation successful: TRUE
[2025-05-28 01:56:50] [TRACE]   [OmnipathR] Reading JSON from `/home/marcelo.hurtado/R/x86_64-pc-linux-gnu-library/4.3/OmnipathR/internal/magic_bytes.json` (encoding: UTF-8).
[2025-05-28 01:56:50] [TRACE]   [OmnipathR] JSON validation successful: TRUE
[2025-05-28 01:56:50] [TRACE]   [OmnipathR] Reading JSON from `/home/marcelo.hurtado/R/x86_64-pc-linux-gnu-library/4.3/OmnipathR/internal/urls.json` (encoding: UTF-8).
[2025-05-28 01:56:50] [TRACE]   [OmnipathR] JSON validation successful: TRUE
[2025-05-28 01:56:50] [TRACE]   [OmnipathR] Reading JSON from `/home/marcelo.hurtado/R/x86_64-pc-linux-gnu-library/4.3/OmnipathR/internal/id_types.json` (encoding: UTF-8).
[2025-05-28 01:56:50] [TRACE]   [OmnipathR] JSON validation successful: TRUE
[2025-05-28 01:56:50] [INFO]    [OmnipathR] Loading database `Ensembl and OMA organism names`.
[2025-05-28 01:56:50] [INFO]    [OmnipathR] Looking up in cache `https://www.ensembl.org/info/about/species.html`: key=7332486db7400730697234bad76ca0c8e4d00799, latest version=1.
[2025-05-28 01:56:50] [TRACE]   [OmnipathR] Cache file path: /home/marcelo.hurtado/.cache/OmnipathR/7332486db7400730697234bad76ca0c8e4d00799-1.html
[2025-05-28 01:56:50] [TRACE]   [OmnipathR] Looking up in cache: `https://omabrowser.org/All/oma-species.txt`.
[2025-05-28 01:56:50] [TRACE]   [OmnipathR] Loaded data from RDS `/home/marcelo.hurtado/.cache/OmnipathR/30e690cbb55dfc63b5903ab337f34ffc2f4be397-1.rds`.
[2025-05-28 01:56:50] [INFO]    [OmnipathR] Loaded database `Ensembl and OMA organism names`.
[2025-05-28 01:56:50] [TRACE]   [OmnipathR] Looking up in cache: `https://omnipathdb.org/interactions?genesymbols=yes&datasets=collectri&organisms=9606&dorothea_levels=A,B&fields=extra_attrs,evidences,sources,references,curation_effort&loops=yes&license=academic`
[2025-05-28 01:56:50] [TRACE]   [OmnipathR] Loaded data from RDS `/home/marcelo.hurtado/.cache/OmnipathR/5e82de18cbd9b5d9237867d70ab653aa2a24da2e-1.rds`.
[2025-05-28 01:56:50] [INFO]    [OmnipathR] Loaded from cache: `https://omnipathdb.org/interactions?genesymbols=yes&datasets=collectri&organisms=9606&dorothea_levels=A,B&fields=extra_attrs,evidences,sources,references,curation_effort&loops=yes&license=academic`
[2025-05-28 01:56:50] [TRACE]   [OmnipathR] Converting JSON column `extra_attrs` to list.
[2025-05-28 01:56:51] [TRACE]   [OmnipathR] Converting JSON column `evidences` to list.
[2025-05-28 01:56:53] [TRACE]   [OmnipathR] Restricting interaction records to datasets: collectri; and resources: any
[2025-05-28 01:56:55] [TRACE]   [OmnipathR] Filtering evidence columns: positive, negative, directed, undirected; to datasets: collectri; and resources: any
[2025-05-28 01:57:19] [SUCCESS] [OmnipathR] Downloaded 64958 interactions.
[2025-05-28 01:57:20] [TRACE]   [OmnipathR] Reading JSON from `https://omnipathdb.org/resources` (encoding: UTF-8).
[2025-05-28 01:57:20] [TRACE]   [OmnipathR] JSON validation successful: TRUE
[2025-05-28 01:57:20] [TRACE]   [OmnipathR] Looking up in cache: `https://omnipathdb.org/interactions?genesymbols=yes&resources=CollecTRI&datasets=tf_mirna&organisms=9606&fields=extra_attrs,evidences,sources,references,curation_effort&license=academic`
[2025-05-28 01:57:20] [TRACE]   [OmnipathR] Loaded data from RDS `/home/marcelo.hurtado/.cache/OmnipathR/911416570c2aaa914be32ebf7b85e1eb3d1ff162-1.rds`.
[2025-05-28 01:57:20] [INFO]    [OmnipathR] Loaded from cache: `https://omnipathdb.org/interactions?genesymbols=yes&resources=CollecTRI&datasets=tf_mirna&organisms=9606&fields=extra_attrs,evidences,sources,references,curation_effort&license=academic`
[2025-05-28 01:57:20] [TRACE]   [OmnipathR] Converting JSON column `extra_attrs` to list.
[2025-05-28 01:57:20] [TRACE]   [OmnipathR] Converting JSON column `evidences` to list.
[2025-05-28 01:57:20] [TRACE]   [OmnipathR] Restricting interaction records to datasets: tf_mirna; and resources: CollecTRI
[2025-05-28 01:57:20] [TRACE]   [OmnipathR] Filtering evidence columns: positive, negative, directed, undirected; to datasets: tf_mirna; and resources: CollecTRI
[2025-05-28 01:57:20] [SUCCESS] [OmnipathR] Downloaded 232 interactions.
[2025-05-28 01:57:27] [TRACE]   [OmnipathR] Reading JSON from `https://omnipathdb.org/resources` (encoding: UTF-8).
[2025-05-28 01:57:27] [TRACE]   [OmnipathR] JSON validation successful: TRUE
[2025-05-28 01:57:27] [TRACE]   [OmnipathR] Reading JSON from `https://omnipathdb.org/resources` (encoding: UTF-8).
[2025-05-28 01:57:27] [TRACE]   [OmnipathR] JSON validation successful: TRUE
[2025-05-28 01:57:27] [TRACE]   [OmnipathR] Looking up in cache: `https://omnipathdb.org/annotations?resources=PROGENy&license=academic`
[2025-05-28 01:57:28] [TRACE]   [OmnipathR] Loaded data from RDS `/home/marcelo.hurtado/.cache/OmnipathR/3492392585ba05414edfae46801492076437d7e7-1.rds`.
[2025-05-28 01:57:28] [INFO]    [OmnipathR] Loaded from cache: `https://omnipathdb.org/annotations?resources=PROGENy&license=academic`
[2025-05-28 01:57:28] [SUCCESS] [OmnipathR] Loaded 700239 annotation records from cache.
[2025-05-28 01:57:31] [TRACE]   [OmnipathR] Looking up in cache: `https://omnipathdb.org/interactions?genesymbols=yes&datasets=collectri&organisms=9606&dorothea_levels=A,B&fields=extra_attrs,evidences,sources,references,curation_effort&loops=yes&license=academic`
[2025-05-28 01:57:31] [TRACE]   [OmnipathR] Loaded data from RDS `/home/marcelo.hurtado/.cache/OmnipathR/5e82de18cbd9b5d9237867d70ab653aa2a24da2e-1.rds`.
[2025-05-28 01:57:31] [INFO]    [OmnipathR] Loaded from cache: `https://omnipathdb.org/interactions?genesymbols=yes&datasets=collectri&organisms=9606&dorothea_levels=A,B&fields=extra_attrs,evidences,sources,references,curation_effort&loops=yes&license=academic`
[2025-05-28 01:57:31] [TRACE]   [OmnipathR] Converting JSON column `extra_attrs` to list.
[2025-05-28 01:57:32] [TRACE]   [OmnipathR] Converting JSON column `evidences` to list.
[2025-05-28 01:57:33] [TRACE]   [OmnipathR] Restricting interaction records to datasets: collectri; and resources: any
[2025-05-28 01:57:35] [TRACE]   [OmnipathR] Filtering evidence columns: positive, negative, directed, undirected; to datasets: collectri; and resources: any
[2025-05-28 01:58:00] [SUCCESS] [OmnipathR] Downloaded 64958 interactions.
[2025-05-28 01:58:01] [TRACE]   [OmnipathR] Reading JSON from `https://omnipathdb.org/resources` (encoding: UTF-8).
[2025-05-28 01:58:01] [TRACE]   [OmnipathR] JSON validation successful: TRUE
[2025-05-28 01:58:01] [TRACE]   [OmnipathR] Looking up in cache: `https://omnipathdb.org/interactions?genesymbols=yes&resources=CollecTRI&datasets=tf_mirna&organisms=9606&fields=extra_attrs,evidences,sources,references,curation_effort&license=academic`
[2025-05-28 01:58:01] [TRACE]   [OmnipathR] Loaded data from RDS `/home/marcelo.hurtado/.cache/OmnipathR/911416570c2aaa914be32ebf7b85e1eb3d1ff162-1.rds`.
[2025-05-28 01:58:01] [INFO]    [OmnipathR] Loaded from cache: `https://omnipathdb.org/interactions?genesymbols=yes&resources=CollecTRI&datasets=tf_mirna&organisms=9606&fields=extra_attrs,evidences,sources,references,curation_effort&license=academic`
[2025-05-28 01:58:01] [TRACE]   [OmnipathR] Converting JSON column `extra_attrs` to list.
[2025-05-28 01:58:01] [TRACE]   [OmnipathR] Converting JSON column `evidences` to list.
[2025-05-28 01:58:01] [TRACE]   [OmnipathR] Restricting interaction records to datasets: tf_mirna; and resources: CollecTRI
[2025-05-28 01:58:01] [TRACE]   [OmnipathR] Filtering evidence columns: positive, negative, directed, undirected; to datasets: tf_mirna; and resources: CollecTRI
[2025-05-28 01:58:01] [SUCCESS] [OmnipathR] Downloaded 232 interactions.
[2025-05-28 01:58:36] [TRACE]   [OmnipathR] Looking up in cache: `https://omnipathdb.org/interactions?genesymbols=yes&datasets=collectri&organisms=9606&dorothea_levels=A,B&fields=extra_attrs,evidences,sources,references,curation_effort&loops=yes&license=academic`
[2025-05-28 01:58:36] [TRACE]   [OmnipathR] Loaded data from RDS `/home/marcelo.hurtado/.cache/OmnipathR/5e82de18cbd9b5d9237867d70ab653aa2a24da2e-1.rds`.
[2025-05-28 01:58:36] [INFO]    [OmnipathR] Loaded from cache: `https://omnipathdb.org/interactions?genesymbols=yes&datasets=collectri&organisms=9606&dorothea_levels=A,B&fields=extra_attrs,evidences,sources,references,curation_effort&loops=yes&license=academic`
[2025-05-28 01:58:36] [TRACE]   [OmnipathR] Converting JSON column `extra_attrs` to list.
[2025-05-28 01:58:37] [TRACE]   [OmnipathR] Converting JSON column `evidences` to list.
[2025-05-28 01:58:38] [TRACE]   [OmnipathR] Restricting interaction records to datasets: collectri; and resources: any
[2025-05-28 01:58:40] [TRACE]   [OmnipathR] Filtering evidence columns: positive, negative, directed, undirected; to datasets: collectri; and resources: any
[2025-05-28 01:59:05] [SUCCESS] [OmnipathR] Downloaded 64958 interactions.
[2025-05-28 01:59:05] [TRACE]   [OmnipathR] Reading JSON from `https://omnipathdb.org/resources` (encoding: UTF-8).
[2025-05-28 01:59:05] [TRACE]   [OmnipathR] JSON validation successful: TRUE
[2025-05-28 01:59:05] [TRACE]   [OmnipathR] Looking up in cache: `https://omnipathdb.org/interactions?genesymbols=yes&resources=CollecTRI&datasets=tf_mirna&organisms=9606&fields=extra_attrs,evidences,sources,references,curation_effort&license=academic`
[2025-05-28 01:59:05] [TRACE]   [OmnipathR] Loaded data from RDS `/home/marcelo.hurtado/.cache/OmnipathR/911416570c2aaa914be32ebf7b85e1eb3d1ff162-1.rds`.
[2025-05-28 01:59:05] [INFO]    [OmnipathR] Loaded from cache: `https://omnipathdb.org/interactions?genesymbols=yes&resources=CollecTRI&datasets=tf_mirna&organisms=9606&fields=extra_attrs,evidences,sources,references,curation_effort&license=academic`
[2025-05-28 01:59:05] [TRACE]   [OmnipathR] Converting JSON column `extra_attrs` to list.
[2025-05-28 01:59:05] [TRACE]   [OmnipathR] Converting JSON column `evidences` to list.
[2025-05-28 01:59:05] [TRACE]   [OmnipathR] Restricting interaction records to datasets: tf_mirna; and resources: CollecTRI
[2025-05-28 01:59:05] [TRACE]   [OmnipathR] Filtering evidence columns: positive, negative, directed, undirected; to datasets: tf_mirna; and resources: CollecTRI
[2025-05-28 01:59:06] [SUCCESS] [OmnipathR] Downloaded 232 interactions.
[2025-05-28 01:59:07] [TRACE]   [OmnipathR] Looking up in cache: `https://omnipathdb.org/interactions?genesymbols=yes&datasets=collectri&organisms=9606&dorothea_levels=A,B&fields=extra_attrs,evidences,sources,references,curation_effort&loops=yes&license=academic`
[2025-05-28 01:59:07] [TRACE]   [OmnipathR] Loaded data from RDS `/home/marcelo.hurtado/.cache/OmnipathR/5e82de18cbd9b5d9237867d70ab653aa2a24da2e-1.rds`.
[2025-05-28 01:59:07] [INFO]    [OmnipathR] Loaded from cache: `https://omnipathdb.org/interactions?genesymbols=yes&datasets=collectri&organisms=9606&dorothea_levels=A,B&fields=extra_attrs,evidences,sources,references,curation_effort&loops=yes&license=academic`
[2025-05-28 01:59:07] [TRACE]   [OmnipathR] Converting JSON column `extra_attrs` to list.
[2025-05-28 01:59:07] [TRACE]   [OmnipathR] Converting JSON column `evidences` to list.
[2025-05-28 01:59:09] [TRACE]   [OmnipathR] Restricting interaction records to datasets: collectri; and resources: any
[2025-05-28 01:59:10] [TRACE]   [OmnipathR] Filtering evidence columns: positive, negative, directed, undirected; to datasets: collectri; and resources: any
[2025-05-28 01:59:38] [SUCCESS] [OmnipathR] Downloaded 64958 interactions.
[2025-05-28 01:59:38] [TRACE]   [OmnipathR] Reading JSON from `https://omnipathdb.org/resources` (encoding: UTF-8).
[2025-05-28 01:59:38] [TRACE]   [OmnipathR] JSON validation successful: TRUE
[2025-05-28 01:59:38] [TRACE]   [OmnipathR] Looking up in cache: `https://omnipathdb.org/interactions?genesymbols=yes&resources=CollecTRI&datasets=tf_mirna&organisms=9606&fields=extra_attrs,evidences,sources,references,curation_effort&license=academic`
[2025-05-28 01:59:38] [TRACE]   [OmnipathR] Loaded data from RDS `/home/marcelo.hurtado/.cache/OmnipathR/911416570c2aaa914be32ebf7b85e1eb3d1ff162-1.rds`.
[2025-05-28 01:59:38] [INFO]    [OmnipathR] Loaded from cache: `https://omnipathdb.org/interactions?genesymbols=yes&resources=CollecTRI&datasets=tf_mirna&organisms=9606&fields=extra_attrs,evidences,sources,references,curation_effort&license=academic`
[2025-05-28 01:59:38] [TRACE]   [OmnipathR] Converting JSON column `extra_attrs` to list.
[2025-05-28 01:59:38] [TRACE]   [OmnipathR] Converting JSON column `evidences` to list.
[2025-05-28 01:59:38] [TRACE]   [OmnipathR] Restricting interaction records to datasets: tf_mirna; and resources: CollecTRI
[2025-05-28 01:59:38] [TRACE]   [OmnipathR] Filtering evidence columns: positive, negative, directed, undirected; to datasets: tf_mirna; and resources: CollecTRI
[2025-05-28 01:59:38] [SUCCESS] [OmnipathR] Downloaded 232 interactions.
[2025-05-28 02:00:17] [TRACE]   [OmnipathR] Looking up in cache: `https://omnipathdb.org/interactions?genesymbols=yes&datasets=collectri&organisms=9606&dorothea_levels=A,B&fields=extra_attrs,evidences,sources,references,curation_effort&loops=yes&license=academic`
[2025-05-28 02:00:18] [TRACE]   [OmnipathR] Loaded data from RDS `/home/marcelo.hurtado/.cache/OmnipathR/5e82de18cbd9b5d9237867d70ab653aa2a24da2e-1.rds`.
[2025-05-28 02:00:18] [INFO]    [OmnipathR] Loaded from cache: `https://omnipathdb.org/interactions?genesymbols=yes&datasets=collectri&organisms=9606&dorothea_levels=A,B&fields=extra_attrs,evidences,sources,references,curation_effort&loops=yes&license=academic`
[2025-05-28 02:00:18] [TRACE]   [OmnipathR] Converting JSON column `extra_attrs` to list.
[2025-05-28 02:00:18] [TRACE]   [OmnipathR] Converting JSON column `evidences` to list.
[2025-05-28 02:00:20] [TRACE]   [OmnipathR] Restricting interaction records to datasets: collectri; and resources: any
[2025-05-28 02:00:21] [TRACE]   [OmnipathR] Filtering evidence columns: positive, negative, directed, undirected; to datasets: collectri; and resources: any
[2025-05-28 02:00:48] [SUCCESS] [OmnipathR] Downloaded 64958 interactions.
[2025-05-28 02:00:49] [TRACE]   [OmnipathR] Reading JSON from `https://omnipathdb.org/resources` (encoding: UTF-8).
[2025-05-28 02:00:49] [TRACE]   [OmnipathR] JSON validation successful: TRUE
[2025-05-28 02:00:49] [TRACE]   [OmnipathR] Looking up in cache: `https://omnipathdb.org/interactions?genesymbols=yes&resources=CollecTRI&datasets=tf_mirna&organisms=9606&fields=extra_attrs,evidences,sources,references,curation_effort&license=academic`
[2025-05-28 02:00:49] [TRACE]   [OmnipathR] Loaded data from RDS `/home/marcelo.hurtado/.cache/OmnipathR/911416570c2aaa914be32ebf7b85e1eb3d1ff162-1.rds`.
[2025-05-28 02:00:49] [INFO]    [OmnipathR] Loaded from cache: `https://omnipathdb.org/interactions?genesymbols=yes&resources=CollecTRI&datasets=tf_mirna&organisms=9606&fields=extra_attrs,evidences,sources,references,curation_effort&license=academic`
[2025-05-28 02:00:49] [TRACE]   [OmnipathR] Converting JSON column `extra_attrs` to list.
[2025-05-28 02:00:49] [TRACE]   [OmnipathR] Converting JSON column `evidences` to list.
[2025-05-28 02:00:49] [TRACE]   [OmnipathR] Restricting interaction records to datasets: tf_mirna; and resources: CollecTRI
[2025-05-28 02:00:49] [TRACE]   [OmnipathR] Filtering evidence columns: positive, negative, directed, undirected; to datasets: tf_mirna; and resources: CollecTRI
[2025-05-28 02:00:49] [SUCCESS] [OmnipathR] Downloaded 232 interactions.
[2025-05-28 02:00:54] [TRACE]   [OmnipathR] Reading JSON from `https://omnipathdb.org/resources` (encoding: UTF-8).
[2025-05-28 02:00:54] [TRACE]   [OmnipathR] JSON validation successful: TRUE
[2025-05-28 02:00:55] [TRACE]   [OmnipathR] Reading JSON from `https://omnipathdb.org/resources` (encoding: UTF-8).
[2025-05-28 02:00:55] [TRACE]   [OmnipathR] JSON validation successful: TRUE
[2025-05-28 02:00:55] [TRACE]   [OmnipathR] Looking up in cache: `https://omnipathdb.org/annotations?resources=PROGENy&license=academic`
[2025-05-28 02:00:55] [TRACE]   [OmnipathR] Loaded data from RDS `/home/marcelo.hurtado/.cache/OmnipathR/3492392585ba05414edfae46801492076437d7e7-1.rds`.
[2025-05-28 02:00:55] [INFO]    [OmnipathR] Loaded from cache: `https://omnipathdb.org/annotations?resources=PROGENy&license=academic`
[2025-05-28 02:00:55] [SUCCESS] [OmnipathR] Loaded 700239 annotation records from cache.
[2025-05-28 02:00:58] [TRACE]   [OmnipathR] Looking up in cache: `https://omnipathdb.org/interactions?genesymbols=yes&datasets=collectri&organisms=9606&dorothea_levels=A,B&fields=extra_attrs,evidences,sources,references,curation_effort&loops=yes&license=academic`
[2025-05-28 02:00:59] [TRACE]   [OmnipathR] Loaded data from RDS `/home/marcelo.hurtado/.cache/OmnipathR/5e82de18cbd9b5d9237867d70ab653aa2a24da2e-1.rds`.
[2025-05-28 02:00:59] [INFO]    [OmnipathR] Loaded from cache: `https://omnipathdb.org/interactions?genesymbols=yes&datasets=collectri&organisms=9606&dorothea_levels=A,B&fields=extra_attrs,evidences,sources,references,curation_effort&loops=yes&license=academic`
[2025-05-28 02:00:59] [TRACE]   [OmnipathR] Converting JSON column `extra_attrs` to list.
[2025-05-28 02:00:59] [TRACE]   [OmnipathR] Converting JSON column `evidences` to list.
[2025-05-28 02:01:01] [TRACE]   [OmnipathR] Restricting interaction records to datasets: collectri; and resources: any
[2025-05-28 02:01:02] [TRACE]   [OmnipathR] Filtering evidence columns: positive, negative, directed, undirected; to datasets: collectri; and resources: any
[2025-05-28 02:01:28] [SUCCESS] [OmnipathR] Downloaded 64958 interactions.
[2025-05-28 02:01:29] [TRACE]   [OmnipathR] Reading JSON from `https://omnipathdb.org/resources` (encoding: UTF-8).
[2025-05-28 02:01:29] [TRACE]   [OmnipathR] JSON validation successful: TRUE
[2025-05-28 02:01:29] [TRACE]   [OmnipathR] Looking up in cache: `https://omnipathdb.org/interactions?genesymbols=yes&resources=CollecTRI&datasets=tf_mirna&organisms=9606&fields=extra_attrs,evidences,sources,references,curation_effort&license=academic`
[2025-05-28 02:01:29] [TRACE]   [OmnipathR] Loaded data from RDS `/home/marcelo.hurtado/.cache/OmnipathR/911416570c2aaa914be32ebf7b85e1eb3d1ff162-1.rds`.
[2025-05-28 02:01:29] [INFO]    [OmnipathR] Loaded from cache: `https://omnipathdb.org/interactions?genesymbols=yes&resources=CollecTRI&datasets=tf_mirna&organisms=9606&fields=extra_attrs,evidences,sources,references,curation_effort&license=academic`
[2025-05-28 02:01:29] [TRACE]   [OmnipathR] Converting JSON column `extra_attrs` to list.
[2025-05-28 02:01:29] [TRACE]   [OmnipathR] Converting JSON column `evidences` to list.
[2025-05-28 02:01:29] [TRACE]   [OmnipathR] Restricting interaction records to datasets: tf_mirna; and resources: CollecTRI
[2025-05-28 02:01:29] [TRACE]   [OmnipathR] Filtering evidence columns: positive, negative, directed, undirected; to datasets: tf_mirna; and resources: CollecTRI
[2025-05-28 02:01:29] [SUCCESS] [OmnipathR] Downloaded 232 interactions.
[2025-05-28 02:01:30] [TRACE]   [OmnipathR] Looking up in cache: `https://omnipathdb.org/interactions?genesymbols=yes&datasets=collectri&organisms=9606&dorothea_levels=A,B&fields=extra_attrs,evidences,sources,references,curation_effort&loops=yes&license=academic`
[2025-05-28 02:01:30] [TRACE]   [OmnipathR] Loaded data from RDS `/home/marcelo.hurtado/.cache/OmnipathR/5e82de18cbd9b5d9237867d70ab653aa2a24da2e-1.rds`.
[2025-05-28 02:01:30] [INFO]    [OmnipathR] Loaded from cache: `https://omnipathdb.org/interactions?genesymbols=yes&datasets=collectri&organisms=9606&dorothea_levels=A,B&fields=extra_attrs,evidences,sources,references,curation_effort&loops=yes&license=academic`
[2025-05-28 02:01:30] [TRACE]   [OmnipathR] Converting JSON column `extra_attrs` to list.
[2025-05-28 02:01:31] [TRACE]   [OmnipathR] Converting JSON column `evidences` to list.
[2025-05-28 02:01:33] [TRACE]   [OmnipathR] Restricting interaction records to datasets: collectri; and resources: any
[2025-05-28 02:01:34] [TRACE]   [OmnipathR] Filtering evidence columns: positive, negative, directed, undirected; to datasets: collectri; and resources: any
[2025-05-28 02:02:02] [SUCCESS] [OmnipathR] Downloaded 64958 interactions.
[2025-05-28 02:02:02] [TRACE]   [OmnipathR] Reading JSON from `https://omnipathdb.org/resources` (encoding: UTF-8).
[2025-05-28 02:02:02] [TRACE]   [OmnipathR] JSON validation successful: TRUE
[2025-05-28 02:02:02] [TRACE]   [OmnipathR] Looking up in cache: `https://omnipathdb.org/interactions?genesymbols=yes&resources=CollecTRI&datasets=tf_mirna&organisms=9606&fields=extra_attrs,evidences,sources,references,curation_effort&license=academic`
[2025-05-28 02:02:02] [TRACE]   [OmnipathR] Loaded data from RDS `/home/marcelo.hurtado/.cache/OmnipathR/911416570c2aaa914be32ebf7b85e1eb3d1ff162-1.rds`.
[2025-05-28 02:02:02] [INFO]    [OmnipathR] Loaded from cache: `https://omnipathdb.org/interactions?genesymbols=yes&resources=CollecTRI&datasets=tf_mirna&organisms=9606&fields=extra_attrs,evidences,sources,references,curation_effort&license=academic`
[2025-05-28 02:02:02] [TRACE]   [OmnipathR] Converting JSON column `extra_attrs` to list.
[2025-05-28 02:02:02] [TRACE]   [OmnipathR] Converting JSON column `evidences` to list.
[2025-05-28 02:02:02] [TRACE]   [OmnipathR] Restricting interaction records to datasets: tf_mirna; and resources: CollecTRI
[2025-05-28 02:02:02] [TRACE]   [OmnipathR] Filtering evidence columns: positive, negative, directed, undirected; to datasets: tf_mirna; and resources: CollecTRI
[2025-05-28 02:02:02] [SUCCESS] [OmnipathR] Downloaded 232 interactions.
[2025-05-28 02:02:32] [TRACE]   [OmnipathR] Looking up in cache: `https://omnipathdb.org/interactions?genesymbols=yes&datasets=collectri&organisms=9606&dorothea_levels=A,B&fields=extra_attrs,evidences,sources,references,curation_effort&loops=yes&license=academic`
[2025-05-28 02:02:32] [TRACE]   [OmnipathR] Loaded data from RDS `/home/marcelo.hurtado/.cache/OmnipathR/5e82de18cbd9b5d9237867d70ab653aa2a24da2e-1.rds`.
[2025-05-28 02:02:32] [INFO]    [OmnipathR] Loaded from cache: `https://omnipathdb.org/interactions?genesymbols=yes&datasets=collectri&organisms=9606&dorothea_levels=A,B&fields=extra_attrs,evidences,sources,references,curation_effort&loops=yes&license=academic`
[2025-05-28 02:02:32] [TRACE]   [OmnipathR] Converting JSON column `extra_attrs` to list.
[2025-05-28 02:02:33] [TRACE]   [OmnipathR] Converting JSON column `evidences` to list.
[2025-05-28 02:02:35] [TRACE]   [OmnipathR] Restricting interaction records to datasets: collectri; and resources: any
[2025-05-28 02:02:36] [TRACE]   [OmnipathR] Filtering evidence columns: positive, negative, directed, undirected; to datasets: collectri; and resources: any
[2025-05-28 02:03:04] [SUCCESS] [OmnipathR] Downloaded 64958 interactions.
[2025-05-28 02:03:04] [TRACE]   [OmnipathR] Reading JSON from `https://omnipathdb.org/resources` (encoding: UTF-8).
[2025-05-28 02:03:04] [TRACE]   [OmnipathR] JSON validation successful: TRUE
[2025-05-28 02:03:04] [TRACE]   [OmnipathR] Looking up in cache: `https://omnipathdb.org/interactions?genesymbols=yes&resources=CollecTRI&datasets=tf_mirna&organisms=9606&fields=extra_attrs,evidences,sources,references,curation_effort&license=academic`
[2025-05-28 02:03:04] [TRACE]   [OmnipathR] Loaded data from RDS `/home/marcelo.hurtado/.cache/OmnipathR/911416570c2aaa914be32ebf7b85e1eb3d1ff162-1.rds`.
[2025-05-28 02:03:04] [INFO]    [OmnipathR] Loaded from cache: `https://omnipathdb.org/interactions?genesymbols=yes&resources=CollecTRI&datasets=tf_mirna&organisms=9606&fields=extra_attrs,evidences,sources,references,curation_effort&license=academic`
[2025-05-28 02:03:04] [TRACE]   [OmnipathR] Converting JSON column `extra_attrs` to list.
[2025-05-28 02:03:04] [TRACE]   [OmnipathR] Converting JSON column `evidences` to list.
[2025-05-28 02:03:04] [TRACE]   [OmnipathR] Restricting interaction records to datasets: tf_mirna; and resources: CollecTRI
[2025-05-28 02:03:04] [TRACE]   [OmnipathR] Filtering evidence columns: positive, negative, directed, undirected; to datasets: tf_mirna; and resources: CollecTRI
[2025-05-28 02:03:04] [SUCCESS] [OmnipathR] Downloaded 232 interactions.
[2025-05-28 02:03:09] [TRACE]   [OmnipathR] Reading JSON from `https://omnipathdb.org/resources` (encoding: UTF-8).
[2025-05-28 02:03:09] [TRACE]   [OmnipathR] JSON validation successful: TRUE
[2025-05-28 02:03:09] [TRACE]   [OmnipathR] Reading JSON from `https://omnipathdb.org/resources` (encoding: UTF-8).
[2025-05-28 02:03:09] [TRACE]   [OmnipathR] JSON validation successful: TRUE
[2025-05-28 02:03:09] [TRACE]   [OmnipathR] Looking up in cache: `https://omnipathdb.org/annotations?resources=PROGENy&license=academic`
[2025-05-28 02:03:10] [TRACE]   [OmnipathR] Loaded data from RDS `/home/marcelo.hurtado/.cache/OmnipathR/3492392585ba05414edfae46801492076437d7e7-1.rds`.
[2025-05-28 02:03:10] [INFO]    [OmnipathR] Loaded from cache: `https://omnipathdb.org/annotations?resources=PROGENy&license=academic`
[2025-05-28 02:03:10] [SUCCESS] [OmnipathR] Loaded 700239 annotation records from cache.
[2025-05-28 02:03:13] [TRACE]   [OmnipathR] Looking up in cache: `https://omnipathdb.org/interactions?genesymbols=yes&datasets=collectri&organisms=9606&dorothea_levels=A,B&fields=extra_attrs,evidences,sources,references,curation_effort&loops=yes&license=academic`
[2025-05-28 02:03:13] [TRACE]   [OmnipathR] Loaded data from RDS `/home/marcelo.hurtado/.cache/OmnipathR/5e82de18cbd9b5d9237867d70ab653aa2a24da2e-1.rds`.
[2025-05-28 02:03:13] [INFO]    [OmnipathR] Loaded from cache: `https://omnipathdb.org/interactions?genesymbols=yes&datasets=collectri&organisms=9606&dorothea_levels=A,B&fields=extra_attrs,evidences,sources,references,curation_effort&loops=yes&license=academic`
[2025-05-28 02:03:13] [TRACE]   [OmnipathR] Converting JSON column `extra_attrs` to list.
[2025-05-28 02:03:14] [TRACE]   [OmnipathR] Converting JSON column `evidences` to list.
[2025-05-28 02:03:15] [TRACE]   [OmnipathR] Restricting interaction records to datasets: collectri; and resources: any
[2025-05-28 02:03:17] [TRACE]   [OmnipathR] Filtering evidence columns: positive, negative, directed, undirected; to datasets: collectri; and resources: any
[2025-05-28 02:03:44] [SUCCESS] [OmnipathR] Downloaded 64958 interactions.
[2025-05-28 02:03:44] [TRACE]   [OmnipathR] Reading JSON from `https://omnipathdb.org/resources` (encoding: UTF-8).
[2025-05-28 02:03:44] [TRACE]   [OmnipathR] JSON validation successful: TRUE
[2025-05-28 02:03:44] [TRACE]   [OmnipathR] Looking up in cache: `https://omnipathdb.org/interactions?genesymbols=yes&resources=CollecTRI&datasets=tf_mirna&organisms=9606&fields=extra_attrs,evidences,sources,references,curation_effort&license=academic`
[2025-05-28 02:03:44] [TRACE]   [OmnipathR] Loaded data from RDS `/home/marcelo.hurtado/.cache/OmnipathR/911416570c2aaa914be32ebf7b85e1eb3d1ff162-1.rds`.
[2025-05-28 02:03:44] [INFO]    [OmnipathR] Loaded from cache: `https://omnipathdb.org/interactions?genesymbols=yes&resources=CollecTRI&datasets=tf_mirna&organisms=9606&fields=extra_attrs,evidences,sources,references,curation_effort&license=academic`
[2025-05-28 02:03:44] [TRACE]   [OmnipathR] Converting JSON column `extra_attrs` to list.
[2025-05-28 02:03:44] [TRACE]   [OmnipathR] Converting JSON column `evidences` to list.
[2025-05-28 02:03:44] [TRACE]   [OmnipathR] Restricting interaction records to datasets: tf_mirna; and resources: CollecTRI
[2025-05-28 02:03:44] [TRACE]   [OmnipathR] Filtering evidence columns: positive, negative, directed, undirected; to datasets: tf_mirna; and resources: CollecTRI
[2025-05-28 02:03:44] [SUCCESS] [OmnipathR] Downloaded 232 interactions.
[2025-05-28 02:03:46] [TRACE]   [OmnipathR] Looking up in cache: `https://omnipathdb.org/interactions?genesymbols=yes&datasets=collectri&organisms=9606&dorothea_levels=A,B&fields=extra_attrs,evidences,sources,references,curation_effort&loops=yes&license=academic`
[2025-05-28 02:03:47] [TRACE]   [OmnipathR] Loaded data from RDS `/home/marcelo.hurtado/.cache/OmnipathR/5e82de18cbd9b5d9237867d70ab653aa2a24da2e-1.rds`.
[2025-05-28 02:03:47] [INFO]    [OmnipathR] Loaded from cache: `https://omnipathdb.org/interactions?genesymbols=yes&datasets=collectri&organisms=9606&dorothea_levels=A,B&fields=extra_attrs,evidences,sources,references,curation_effort&loops=yes&license=academic`
[2025-05-28 02:03:47] [TRACE]   [OmnipathR] Converting JSON column `extra_attrs` to list.
[2025-05-28 02:03:47] [TRACE]   [OmnipathR] Converting JSON column `evidences` to list.
[2025-05-28 02:03:49] [TRACE]   [OmnipathR] Restricting interaction records to datasets: collectri; and resources: any
[2025-05-28 02:03:50] [TRACE]   [OmnipathR] Filtering evidence columns: positive, negative, directed, undirected; to datasets: collectri; and resources: any
[2025-05-28 02:04:16] [SUCCESS] [OmnipathR] Downloaded 64958 interactions.
[2025-05-28 02:04:17] [TRACE]   [OmnipathR] Reading JSON from `https://omnipathdb.org/resources` (encoding: UTF-8).
[2025-05-28 02:04:17] [TRACE]   [OmnipathR] JSON validation successful: TRUE
[2025-05-28 02:04:17] [TRACE]   [OmnipathR] Looking up in cache: `https://omnipathdb.org/interactions?genesymbols=yes&resources=CollecTRI&datasets=tf_mirna&organisms=9606&fields=extra_attrs,evidences,sources,references,curation_effort&license=academic`
[2025-05-28 02:04:17] [TRACE]   [OmnipathR] Loaded data from RDS `/home/marcelo.hurtado/.cache/OmnipathR/911416570c2aaa914be32ebf7b85e1eb3d1ff162-1.rds`.
[2025-05-28 02:04:17] [INFO]    [OmnipathR] Loaded from cache: `https://omnipathdb.org/interactions?genesymbols=yes&resources=CollecTRI&datasets=tf_mirna&organisms=9606&fields=extra_attrs,evidences,sources,references,curation_effort&license=academic`
[2025-05-28 02:04:17] [TRACE]   [OmnipathR] Converting JSON column `extra_attrs` to list.
[2025-05-28 02:04:17] [TRACE]   [OmnipathR] Converting JSON column `evidences` to list.
[2025-05-28 02:04:17] [TRACE]   [OmnipathR] Restricting interaction records to datasets: tf_mirna; and resources: CollecTRI
[2025-05-28 02:04:17] [TRACE]   [OmnipathR] Filtering evidence columns: positive, negative, directed, undirected; to datasets: tf_mirna; and resources: CollecTRI
[2025-05-28 02:04:17] [SUCCESS] [OmnipathR] Downloaded 232 interactions.
