[2025-05-27 21:08:00] [INFO]    [OmnipathR] Welcome to OmnipathR!
[2025-05-27 21:08:00] [TRACE]   [OmnipathR] Reading JSON from `/home/marcelo.hurtado/.cache/OmnipathR/cache.json` (encoding: UTF-8).
[2025-05-27 21:08:00] [TRACE]   [OmnipathR] JSON validation successful: TRUE
[2025-05-27 21:08:00] [INFO]    [OmnipathR] Initialized cache: `/home/marcelo.hurtado/.cache/OmnipathR`.
[2025-05-27 21:08:00] [TRACE]   [OmnipathR] Reading JSON from `/home/marcelo.hurtado/R/x86_64-pc-linux-gnu-library/4.3/OmnipathR/db/db_def.json` (encoding: UTF-8).
[2025-05-27 21:08:00] [TRACE]   [OmnipathR] JSON validation successful: TRUE
[2025-05-27 21:08:00] [TRACE]   [OmnipathR] Reading JSON from `/home/marcelo.hurtado/R/x86_64-pc-linux-gnu-library/4.3/OmnipathR/internal/magic_bytes.json` (encoding: UTF-8).
[2025-05-27 21:08:00] [TRACE]   [OmnipathR] JSON validation successful: TRUE
[2025-05-27 21:08:00] [TRACE]   [OmnipathR] Reading JSON from `/home/marcelo.hurtado/R/x86_64-pc-linux-gnu-library/4.3/OmnipathR/internal/urls.json` (encoding: UTF-8).
[2025-05-27 21:08:00] [TRACE]   [OmnipathR] JSON validation successful: TRUE
[2025-05-27 21:08:00] [TRACE]   [OmnipathR] Reading JSON from `/home/marcelo.hurtado/R/x86_64-pc-linux-gnu-library/4.3/OmnipathR/internal/id_types.json` (encoding: UTF-8).
[2025-05-27 21:08:00] [TRACE]   [OmnipathR] JSON validation successful: TRUE
[2025-05-27 21:10:42] [INFO]    [OmnipathR] Loading database `Ensembl and OMA organism names`.
[2025-05-27 21:10:42] [INFO]    [OmnipathR] Looking up in cache `https://www.ensembl.org/info/about/species.html`: key=7332486db7400730697234bad76ca0c8e4d00799, latest version=1.
[2025-05-27 21:10:42] [TRACE]   [OmnipathR] Cache file path: /home/marcelo.hurtado/.cache/OmnipathR/7332486db7400730697234bad76ca0c8e4d00799-1.html
[2025-05-27 21:10:42] [TRACE]   [OmnipathR] Looking up in cache: `https://omabrowser.org/All/oma-species.txt`.
[2025-05-27 21:10:42] [TRACE]   [OmnipathR] Loaded data from RDS `/home/marcelo.hurtado/.cache/OmnipathR/30e690cbb55dfc63b5903ab337f34ffc2f4be397-1.rds`.
[2025-05-27 21:10:43] [INFO]    [OmnipathR] Loaded database `Ensembl and OMA organism names`.
[2025-05-27 21:10:43] [TRACE]   [OmnipathR] Looking up in cache: `https://omnipathdb.org/interactions?genesymbols=yes&datasets=collectri&organisms=9606&dorothea_levels=A,B&fields=extra_attrs,evidences,sources,references,curation_effort&loops=yes&license=academic`
[2025-05-27 21:10:43] [TRACE]   [OmnipathR] Loaded data from RDS `/home/marcelo.hurtado/.cache/OmnipathR/5e82de18cbd9b5d9237867d70ab653aa2a24da2e-1.rds`.
[2025-05-27 21:10:43] [INFO]    [OmnipathR] Loaded from cache: `https://omnipathdb.org/interactions?genesymbols=yes&datasets=collectri&organisms=9606&dorothea_levels=A,B&fields=extra_attrs,evidences,sources,references,curation_effort&loops=yes&license=academic`
[2025-05-27 21:10:43] [TRACE]   [OmnipathR] Converting JSON column `extra_attrs` to list.
[2025-05-27 21:10:45] [TRACE]   [OmnipathR] Converting JSON column `evidences` to list.
[2025-05-27 21:10:48] [TRACE]   [OmnipathR] Restricting interaction records to datasets: collectri; and resources: any
[2025-05-27 21:10:53] [TRACE]   [OmnipathR] Filtering evidence columns: positive, negative, directed, undirected; to datasets: collectri; and resources: any
[2025-05-27 21:11:41] [SUCCESS] [OmnipathR] Downloaded 64958 interactions.
[2025-05-27 21:11:41] [TRACE]   [OmnipathR] Reading JSON from `https://omnipathdb.org/resources` (encoding: UTF-8).
[2025-05-27 21:11:41] [TRACE]   [OmnipathR] JSON validation successful: TRUE
[2025-05-27 21:11:41] [TRACE]   [OmnipathR] Looking up in cache: `https://omnipathdb.org/interactions?genesymbols=yes&resources=CollecTRI&datasets=tf_mirna&organisms=9606&fields=extra_attrs,evidences,sources,references,curation_effort&license=academic`
[2025-05-27 21:11:41] [TRACE]   [OmnipathR] Loaded data from RDS `/home/marcelo.hurtado/.cache/OmnipathR/911416570c2aaa914be32ebf7b85e1eb3d1ff162-1.rds`.
[2025-05-27 21:11:41] [INFO]    [OmnipathR] Loaded from cache: `https://omnipathdb.org/interactions?genesymbols=yes&resources=CollecTRI&datasets=tf_mirna&organisms=9606&fields=extra_attrs,evidences,sources,references,curation_effort&license=academic`
[2025-05-27 21:11:41] [TRACE]   [OmnipathR] Converting JSON column `extra_attrs` to list.
[2025-05-27 21:11:41] [TRACE]   [OmnipathR] Converting JSON column `evidences` to list.
[2025-05-27 21:11:41] [TRACE]   [OmnipathR] Restricting interaction records to datasets: tf_mirna; and resources: CollecTRI
[2025-05-27 21:11:41] [TRACE]   [OmnipathR] Filtering evidence columns: positive, negative, directed, undirected; to datasets: tf_mirna; and resources: CollecTRI
[2025-05-27 21:11:42] [SUCCESS] [OmnipathR] Downloaded 232 interactions.
