[2025-11-11 15:13:42] [INFO]    [OmnipathR] Setting up new cache directory `/home/runner/.cache/OmnipathR`.
[2025-11-11 15:13:42] [TRACE]   [OmnipathR] Reading JSON from `/home/runner/.cache/OmnipathR/cache.json` (encoding: UTF-8).
[2025-11-11 15:13:42] [TRACE]   [OmnipathR] JSON validation successful: TRUE
[2025-11-11 15:13:42] [INFO]    [OmnipathR] Initialized cache: `/home/runner/.cache/OmnipathR`.
[2025-11-11 15:13:42] [INFO]    [OmnipathR] Package `OmnipathR` packaged: 2025-11-09 19:18:46 UTC; runner
[2025-11-11 15:13:42] [INFO]    [OmnipathR] Package `OmnipathR` date/publication: NA
[2025-11-11 15:13:42] [INFO]    [OmnipathR] Package `OmnipathR` built: R 4.5.2; ; 2025-11-09 19:18:48 UTC; unix
[2025-11-11 15:13:42] [INFO]    [OmnipathR] Package `OmnipathR` version: 3.17.9
[2025-11-11 15:13:42] [INFO]    [OmnipathR] Package `OmnipathR` repository: NA
[2025-11-11 15:13:42] [INFO]    [OmnipathR] Session info: [version=R version 4.5.2 (2025-10-31); os=Ubuntu 24.04.3 LTS; system=x86_64, linux-gnu; ui=X11; language=en; collate=C; ctype=C.UTF-8; tz=UTC; date=2025-11-11; pandoc=3.1.11 @ /opt/hostedtoolcache/pandoc/3.1.11/x64/ (via rmarkdown); quarto=NA]
[2025-11-11 15:13:42] [INFO]    [OmnipathR] External libraries: [cairo=1.18.0; cairoFT=; pango=1.52.1; png=1.6.43; jpeg=8.0; tiff=LIBTIFF, Version 4.5.1; tcl=8.6.14; curl=8.5.0; zlib=1.3; bzlib=1.0.8, 13-Jul-2019; xz=5.4.5; deflate=1.19; PCRE=10.42 2022-12-11; ICU=74.2; TRE=TRE 0.8.0 R_fixes (BSD); iconv=glibc 2.39; readline=8.2; BLAS=/usr/lib/x86_64-linux-gnu/openblas-pthread/libblas.so.3; lapack=/usr/lib/x86_64-linux-gnu/openblas-pthread/libopenblasp-r0.3.26.so; lapack_version=3.12.0]
[2025-11-11 15:13:42] [INFO]    [OmnipathR] Loaded packages: abind 1.4-8(2024-09-12); ADImpute 1.20.0(2025-10-29); annotate 1.88.0(2025-10-29); AnnotationDbi 1.72.0(2025-10-29); ape 5.8-1(2024-12-16); aplot 0.2.9(2025-09-12); askpass 1.2.1(2024-10-04); backports 1.5.0(2024-05-23); base64enc 0.1-3(2015-07-28); beachmat 2.26.0(2025-10-29); Biobase 2.70.0(2025-10-29); BiocGenerics 0.56.0(2025-10-29); BiocParallel 1.44.0(2025-10-29); BiocSingular 1.26.0(2025-10-29); Biostrings 2.78.0(2025-10-29); bit 4.6.0(2025-03-06); bit64 4.6.0-1(2025-01-16); bitops 1.0-9(2024-10-03); blob 1.2.4(2023-03-17); broom 1.0.10(2025-09-13); bslib 0.9.0(2025-01-30); cachem 1.1.0(2024-05-16); car 3.1-3(2024-09-27); carData 3.0-5(2022-01-06); caTools 1.18.3(2024-09-04); cellranger 1.1.0(2016-07-27); CellTFusion 0.0.0.9000(2025-11-11); checkmate 2.3.3(2025-08-18); cli 3.6.5(2025-04-23); cluster 2.1.8.1(2025-03-12); codetools 0.2-20(2024-03-31); colorspace 2.1-2(2025-09-22); cowplot 1.2.0(2025-07-07); crayon 1.5.3(2024-06-20); curl 7.0.0(2025-08-19); data.table 1.17.8(2025-07-10); DBI 1.2.3(2024-06-02); decoupleR 2.16.0(2025-10-29); DelayedArray 0.36.0(2025-10-29); dendextend 1.19.1(2025-07-15); desc 1.4.3(2023-12-10); digest 0.6.37(2024-08-19); doParallel 1.0.17(2022-02-07); DOSE 4.4.0(2025-10-29); downlit 0.4.4(2024-06-10); dplyr 1.1.4(2023-11-17); enrichplot 1.30.1(2025-11-06); evaluate 1.0.5(2025-08-27); factoextra 1.0.7(2020-04-01); fansi 1.0.6(2023-12-08); farver 2.1.2(2024-05-13); fastmap 1.2.0(2024-05-15); fastmatch 1.1-6(2024-12-23); fgsea 1.36.0(2025-10-29); fontawesome 0.5.3(2024-11-16); fontBitstreamVera 0.1.1(2017-02-01); fontLiberation 0.1.0(2016-10-15); fontquiver 0.2.1(2017-02-01); foreach 1.5.2(2022-02-02); foreign 0.8-90(2025-03-31); Formula 1.2-5(2023-02-24); fs 1.6.6(2025-04-12); gdtools 0.4.4(2025-10-06); generics 0.1.4(2025-05-09); GenomicRanges 1.62.0(2025-10-29); ggfun 0.2.0(2025-07-15); ggiraph 0.9.2(2025-10-07); ggplot2 4.0.0(2025-09-11); ggplotify 0.1.3(2025-09-20); ggrepel 0.9.6(2024-09-07); ggtangle 0.0.8(2025-11-06); ggtree 4.1.1(2025-11-09); gitcreds 0.1.2(2022-09-08); glue 1.8.0(2024-09-30); GO.db 3.22.0(2025-11-09); GOSemSim 2.36.0(2025-10-29); gplots 3.2.0(2024-10-05); graph 1.88.0(2025-10-29); gridExtra 2.3(2017-09-09); gridGraphics 0.5-1(2020-12-13); GSEABase 1.72.0(2025-10-29); GSVA 2.4.1(2025-11-05); gtable 0.3.6(2024-10-25); gtools 3.9.5(2023-11-20); h5mread 1.2.0(2025-10-29); HDF5Array 1.38.0(2025-10-29); Hmisc 5.2-4(2025-10-05); hms 1.1.4(2025-10-17); htmlTable 2.4.3(2024-07-21); htmltools 0.5.8.1(2024-04-04); htmlwidgets 1.6.4(2023-12-06); httr 1.4.7(2023-08-15); httr2 1.2.1(2025-07-22); igraph 2.2.1(2025-10-27); IRanges 2.44.0(2025-10-29); irlba 2.3.5.1(2022-10-03); iterators 1.0.14(2022-02-05); jquerylib 0.1.4(2021-04-26); jsonlite 2.0.0(2025-03-27); KEGGREST 1.50.0(2025-10-29); KernSmooth 2.23-26(2025-01-01); knitr 1.50(2025-03-16); later 1.4.4(2025-08-27); lattice 0.22-7(2025-04-02); lazyeval 0.2.2(2019-03-15); lifecycle 1.0.4(2023-11-07); logger 0.4.1(2025-09-11); lubridate 1.9.4(2024-12-08); magick 2.9.0(2025-09-08); magrittr 2.0.4(2025-09-12); Matrix 1.7-4(2025-08-28); MatrixGenerics 1.22.0(2025-10-29); matrixStats 1.5.0(2025-01-07); memoise 2.0.1(2021-11-26); multideconv 0.0.1(2025-11-09); nlme 3.1-168(2025-03-31); nnet 7.3-20(2025-01-01); OmnipathR 3.17.9(2025-11-09); openssl 2.3.4(2025-09-30); org.Hs.eg.db 3.22.0(2025-11-09); pak 0.9.0(2025-05-27); parallelly 1.45.1(2025-07-24); patchwork 1.3.2(2025-08-25); pcaMethods 2.2.0(2025-10-29); pheatmap 1.0.13(2025-06-05); pillar 1.11.1(2025-09-17); pkgconfig 2.0.3(2019-09-22); pkgdown 2.2.0(2025-11-06); plyr 1.8.9(2023-10-02); png 0.1-8(2022-11-29); prettyunits 1.2.0(2023-09-24); progress 1.2.3(2023-12-06); purrr 1.2.0(2025-11-04); qvalue 2.42.0(2025-10-29); R.methodsS3 1.8.2(2022-06-13); R.oo 1.27.1(2025-05-02); R.utils 2.13.0(2025-02-24); R6 2.6.1(2025-02-15); ragg 1.5.0(2025-09-02); rappdirs 0.3.3(2021-01-31); RColorBrewer 1.1-3(2022-04-03); Rcpp 1.1.0(2025-07-02); readr 2.1.5(2024-01-10); readxl 1.4.5(2025-03-07); reshape2 1.4.4(2020-04-09); rhdf5 2.54.0(2025-10-29); rhdf5filters 1.22.0(2025-10-29); Rhdf5lib 1.32.0(2025-10-29); rjson 0.2.23(2024-09-16); rlang 1.1.6(2025-04-11); rmarkdown 2.30(2025-09-28); rpart 4.1.24(2025-01-07); RSQLite 2.4.3(2025-08-20); rstatix 0.7.3(2025-10-18); rstudioapi 0.17.1(2024-10-22); rsvd 1.0.5(2021-04-16); rvest 1.0.5(2025-08-29); S4Arrays 1.10.0(2025-10-29); S4Vectors 0.48.0(2025-10-29); S7 0.2.0(2024-11-07); sass 0.4.10(2025-04-11); ScaledMatrix 1.18.0(2025-10-29); scales 1.4.0(2025-04-24); Seqinfo 1.0.0(2025-10-29); sessioninfo 1.2.3(2025-02-05); SingleCellExperiment 1.32.0(2025-10-29); SparseArray 1.10.1(2025-10-31); sparseMatrixStats 1.22.0(2025-10-29); SpatialExperiment 1.20.0(2025-10-29); stringi 1.8.7(2025-03-27); stringr 1.6.0(2025-11-04); SummarizedExperiment 1.40.0(2025-10-29); systemfonts 1.3.1(2025-10-01); textshaping 1.0.4(2025-10-10); tibble 3.3.0(2025-06-08); tidyr 1.3.1(2024-01-24); tidyselect 1.2.1(2024-03-11); tidytree 0.4.6(2023-12-12); timechange 0.3.0(2024-01-18); treeio 1.34.0(2025-10-30); tzdb 0.5.0(2025-03-15); usethis 3.2.1(2025-09-06); vctrs 0.6.5(2023-12-01); viridis 0.6.5(2024-01-29); viridisLite 0.4.2(2023-05-02); whisker 0.4.1(2022-12-05); withr 3.0.2(2024-10-28); xfun 0.54(2025-10-30); XML 3.99-0.20(2025-11-08); xml2 1.4.1(2025-10-27); xtable 1.8-4(2019-04-21); XVector 0.50.0(2025-10-29); yaml 2.3.10(2024-07-26); yulab.utils 0.2.1(2025-08-19); zip 2.3.3(2025-05-13)
[2025-11-11 15:13:42] [INFO]    [OmnipathR] CURL: version: 8.5.0; headers: 8.5.0; ssl_version: OpenSSL/3.0.13; libz_version: 1.3; libssh_version: libssh/0.10.6/openssl/zlib; libidn_version: 2.3.7; host: x86_64-pc-linux-gnu; protocols: dict, file, ftp, ftps, gopher, gophers, http, https, imap, imaps, ldap, ldaps, mqtt, pop3, pop3s, rtmp, rtmpe, rtmps, rtmpt, rtmpte, rtmpts, rtsp, scp, sftp, smb, smbs, smtp, smtps, telnet, tftp; ipv6: TRUE; http2: TRUE; idn: TRUE; url_parser: TRUE
[2025-11-11 15:13:42] [TRACE]   [OmnipathR] Reading JSON from `/home/runner/work/_temp/Library/OmnipathR/db/db_def.json` (encoding: UTF-8).
[2025-11-11 15:13:42] [TRACE]   [OmnipathR] JSON validation successful: TRUE
[2025-11-11 15:13:42] [TRACE]   [OmnipathR] Reading JSON from `/home/runner/work/_temp/Library/OmnipathR/internal/magic_bytes.json` (encoding: UTF-8).
[2025-11-11 15:13:42] [TRACE]   [OmnipathR] JSON validation successful: TRUE
[2025-11-11 15:13:43] [TRACE]   [OmnipathR] Reading JSON from `/home/runner/work/_temp/Library/OmnipathR/internal/urls.json` (encoding: UTF-8).
[2025-11-11 15:13:43] [TRACE]   [OmnipathR] JSON validation successful: TRUE
[2025-11-11 15:13:43] [TRACE]   [OmnipathR] Reading JSON from `/home/runner/work/_temp/Library/OmnipathR/internal/id_types.json` (encoding: UTF-8).
[2025-11-11 15:13:43] [TRACE]   [OmnipathR] JSON validation successful: TRUE
[2025-11-11 15:13:43] [TRACE]   [OmnipathR] Reading JSON from `https://omnipathdb.org/resources` (encoding: UTF-8).
[2025-11-11 15:13:43] [TRACE]   [OmnipathR] JSON validation successful: TRUE
[2025-11-11 15:13:43] [INFO]    [OmnipathR] Loading database `Ensembl and OMA organism names`.
[2025-11-11 15:13:43] [TRACE]   [OmnipathR] Reading JSON from `/home/runner/.cache/OmnipathR/cache.json` (encoding: UTF-8).
[2025-11-11 15:13:43] [TRACE]   [OmnipathR] JSON validation successful: TRUE
[2025-11-11 15:13:43] [INFO]    [OmnipathR] Looking up in cache `https://www.ensembl.org/info/about/species.html`: key=7332486db7400730697234bad76ca0c8e4d00799, no version available.
[2025-11-11 15:13:43] [TRACE]   [OmnipathR] Reading JSON from `/home/runner/.cache/OmnipathR/cache.json` (encoding: UTF-8).
[2025-11-11 15:13:43] [TRACE]   [OmnipathR] JSON validation successful: TRUE
[2025-11-11 15:13:43] [INFO]    [OmnipathR] Created new version for cache record 7332486db7400730697234bad76ca0c8e4d00799: version 1.
[2025-11-11 15:13:43] [TRACE]   [OmnipathR] Cache file path: /home/runner/.cache/OmnipathR/7332486db7400730697234bad76ca0c8e4d00799-1.html
[2025-11-11 15:13:43] [INFO]    [OmnipathR] Retrieving URL: `https://www.ensembl.org/info/about/species.html`
[2025-11-11 15:13:43] [TRACE]   [OmnipathR] Downloading by `httr2` in `download_base`.
[2025-11-11 15:13:43] [TRACE]   [OmnipathR] Attempt 1/3: `https://www.ensembl.org/info/about/species.html`
[2025-11-11 15:13:43] [TRACE]   [OmnipathR] Preparing httr2 request to URL `https://www.ensembl.org/info/about/species.html`.
[2025-11-11 15:13:43] [TRACE]   [OmnipathR] HTTP headers: [User-Agent=Mozilla/5.0 (X11; Linux x86_64; rv:134.0) Gecko/20100101 Firefox/134.0]
[2025-11-11 15:13:43] [TRACE]   [OmnipathR] The following curl options are not available: tcp_keepcnt
[2025-11-11 15:13:43] [TRACE]   [OmnipathR] Curl options: [connecttimeout=10,timeout=300,debugfunction=<function>,verbose=FALSE,tcp_keepalive=TRUE,tcp_keepintvl=10,tcp_keepidle=10,upkeep_interval_ms=30000,ssl_verifypeer=1,ssl_verifyhost=2]
[2025-11-11 15:13:43] [TRACE]   [OmnipathR] HTTP headers: [User-Agent=Mozilla/5.0 (X11; Linux x86_64; rv:134.0) Gecko/20100101 Firefox/134.0]
[2025-11-11 15:13:43] [TRACE]   [OmnipathR] Sending HTTP request.
[2025-11-11 15:13:45] [TRACE]   [OmnipathR] HTTP 200 (OK)
[2025-11-11 15:13:45] [TRACE]   [OmnipathR] HTTP v2 GET: status 200.
[2025-11-11 15:13:45] [TRACE]   [OmnipathR] Downloaded 31.3 Kb in 1.423575s from www.ensembl.org (22 Kb/s); Redirect: 1.269233s, DNS look up: 0.877846s, Connection: 0.969679s, Pretransfer: 1.163039s, First byte at: 1.420158s
[2025-11-11 15:13:45] [TRACE]   [OmnipathR] HTTP headers: HTTP/1.1 302 Found; Date: Tue, 11 Nov 2025 15:13:44 GMT; Content-Type: text/html; charset=iso-8859-1; Content-Length: 288; Connection: keep-alive; Server: Apache; Set-cookie: redirect_mirror=; path=/; expires=Mon, 01-Jan-2001 00:00:01 GMT; Location: //useast.ensembl.org/info/about/species.html?redirectsrc=//www.ensembl.org%2Finfo%2Fabout%2Fspecies.html; X-NGINX-MACHINE: wp-p1m2-35.ebi.ac.uk; HTTP/2 302 ; date: Tue, 11 Nov 2025 15:13:44 GMT; content-type: text/html; charset=iso-8859-1; content-length: 208; server: Apache; set-cookie: redirected_from_url=%2F%2Fwww.ensembl.org%252Finfo%252Fabout%252Fspecies.html; path=/; expires=Thu, 31-Dec-2037 23:59:59 GMT; location: /info/about/species.html; x-nginx-machine: ip-10-25-25-94.us-east-2.compute.internal; HTTP/2 200 ; date: Tue, 11 Nov 2025 15:13:45 GMT; content-type: text/html; charset=utf-8; content-length: 32041; server: Apache; set-cookie: redirect_mirror=; path=/; expires=Mon, 01-Jan-2001 00:00:01 GMT; set-cookie: redirect_mirror=no; path=/; expires=Wed, 12 Nov 2025 15:09:00 GMT; set-cookie: ENSEMBL_WWW_SESSION=224fee769dd9be860b7e6a7d69626b8c042533e6fb8a19471a6b19cc; path=/; expires=Thu, 31-Dec-2037 23:59:59 GMT; HttpOnly; set-cookie: redirect_mirror=; path=/; expires=Mon, 01-Jan-2001 00:00:01 GMT; set-cookie: redirect_mirror=no; path=/; expires=Wed, 12 Nov 2025 15:09:00 GMT; set-cookie: ENSEMBL_WWW_SESSION=224fee769dd9be860b7e6a7d69626b8c042533e6fb8a19471a6b19cc; path=/; expires=Thu, 31-Dec-2037 23:59:59 GMT; HttpOnly; vary: Accept-Encoding; content-encoding: gzip; x-frame-options: SAMEORIGIN; content-security-policy: frame-ancestors 'self'; x-nginx-machine: ip-10-25-25-94.us-east-2.compute.internal
[2025-11-11 15:13:45] [TRACE]   [OmnipathR] Response headers: [date=Tue, 11 Nov 2025 15:13:45 GMT,content-type=text/html; charset=utf-8,content-length=32041,server=Apache,set-cookie=redirect_mirror=; path=/; expires=Mon, 01-Jan-2001 00:00:01 GMT,set-cookie=redirect_mirror=no; path=/; expires=Wed, 12 Nov 2025 15:09:00 GMT,set-cookie=ENSEMBL_WWW_SESSION=224fee769dd9be860b7e6a7d69626b8c042533e6fb8a19471a6b19cc; path=/; expires=Thu, 31-Dec-2037 23:59:59 GMT; HttpOnly,set-cookie=redirect_mirror=; path=/; expires=Mon, 01-Jan-2001 00:00:01 GMT,set-cookie=redirect_mirror=no; path=/; expires=Wed, 12 Nov 2025 15:09:00 GMT,set-cookie=ENSEMBL_WWW_SESSION=224fee769dd9be860b7e6a7d69626b8c042533e6fb8a19471a6b19cc; path=/; expires=Thu, 31-Dec-2037 23:59:59 GMT; HttpOnly,vary=Accept-Encoding,content-encoding=gzip,x-frame-options=SAMEORIGIN,content-security-policy=frame-ancestors 'self',x-nginx-machine=ip-10-25-25-94.us-east-2.compute.internal]
[2025-11-11 15:13:45] [INFO]    [OmnipathR] Download ready [key=7332486db7400730697234bad76ca0c8e4d00799, version=1]
[2025-11-11 15:13:45] [TRACE]   [OmnipathR] Reading JSON from `/home/runner/.cache/OmnipathR/cache.json` (encoding: UTF-8).
[2025-11-11 15:13:45] [TRACE]   [OmnipathR] JSON validation successful: TRUE
[2025-11-11 15:13:45] [INFO]    [OmnipathR] Cache item `7332486db7400730697234bad76ca0c8e4d00799` version 1: status changed from `unknown` to `ready`.
[2025-11-11 15:13:45] [TRACE]   [OmnipathR] Downloading by `generic_downloader`.
[2025-11-11 15:13:46] [TRACE]   [OmnipathR] Looking up in cache: `https://omabrowser.org/All/oma-species.txt`.
[2025-11-11 15:13:46] [INFO]    [OmnipathR] Cache record does not exist: `https://omabrowser.org/All/oma-species.txt`
[2025-11-11 15:13:46] [TRACE]   [OmnipathR] Could not find in cache, initiating download: `https://omabrowser.org/All/oma-species.txt`.
[2025-11-11 15:13:46] [TRACE]   [OmnipathR] Reading JSON from `/home/runner/.cache/OmnipathR/cache.json` (encoding: UTF-8).
[2025-11-11 15:13:46] [TRACE]   [OmnipathR] JSON validation successful: TRUE
[2025-11-11 15:13:46] [TRACE]   [OmnipathR] Reading JSON from `/home/runner/.cache/OmnipathR/cache.json` (encoding: UTF-8).
[2025-11-11 15:13:46] [TRACE]   [OmnipathR] JSON validation successful: TRUE
[2025-11-11 15:13:46] [INFO]    [OmnipathR] Cache item `30e690cbb55dfc63b5903ab337f34ffc2f4be397` version 1: status changed from `unknown` to `started`.
[2025-11-11 15:13:46] [TRACE]   [OmnipathR] Exporting object to RDS: `/home/runner/.cache/OmnipathR/30e690cbb55dfc63b5903ab337f34ffc2f4be397-1.rds`.
[2025-11-11 15:13:46] [INFO]    [OmnipathR] Retrieving URL: `https://omabrowser.org/All/oma-species.txt`
[2025-11-11 15:13:46] [TRACE]   [OmnipathR] Attempt 1/3: `https://omabrowser.org/All/oma-species.txt`
[2025-11-11 15:13:46] [TRACE]   [OmnipathR] HTTP request by `omnipath_curl`.
[2025-11-11 15:13:46] [TRACE]   [OmnipathR] The following curl options are not available: tcp_keepcnt
[2025-11-11 15:13:46] [TRACE]   [OmnipathR] Curl options: [connecttimeout=10,timeout=300,debugfunction=<function>,verbose=FALSE,tcp_keepalive=TRUE,tcp_keepintvl=10,tcp_keepidle=10,upkeep_interval_ms=30000,ssl_verifypeer=1,ssl_verifyhost=2]
[2025-11-11 15:13:46] [TRACE]   [OmnipathR] HTTP v2 GET: status 200.
[2025-11-11 15:13:46] [TRACE]   [OmnipathR] Downloaded 8.7 Kb in 0.445176s from omabrowser.org (19.5 Kb/s); Redirect: 0s, DNS look up: 0.169991s, Connection: 0.258995s, Pretransfer: 0.351451s, First byte at: 0.445008s
[2025-11-11 15:13:46] [TRACE]   [OmnipathR] HTTP headers: HTTP/2 200 ; date: Tue, 11 Nov 2025 15:13:46 GMT; server: nginx; strict-transport-security: max-age=31536000; includeSubDomains; content-type: text/plain; charset=UTF-8; last-modified: Wed, 20 Nov 2024 10:20:02 GMT; etag: W/"673db7d2-6517f"; access-control-allow-origin: *; content-encoding: gzip
[2025-11-11 15:13:47] [TRACE]   [OmnipathR] Exported RDS to `/home/runner/.cache/OmnipathR/30e690cbb55dfc63b5903ab337f34ffc2f4be397-1.rds`.
[2025-11-11 15:13:47] [INFO]    [OmnipathR] Download ready [key=30e690cbb55dfc63b5903ab337f34ffc2f4be397, version=1]
[2025-11-11 15:13:47] [TRACE]   [OmnipathR] Reading JSON from `/home/runner/.cache/OmnipathR/cache.json` (encoding: UTF-8).
[2025-11-11 15:13:47] [TRACE]   [OmnipathR] JSON validation successful: TRUE
[2025-11-11 15:13:47] [INFO]    [OmnipathR] Cache item `30e690cbb55dfc63b5903ab337f34ffc2f4be397` version 1: status changed from `started` to `ready`.
[2025-11-11 15:13:47] [TRACE]   [OmnipathR] Downloading by `generic_downloader`.
[2025-11-11 15:13:47] [TRACE]   [OmnipathR] Looking up in cache: `https://ftp.expasy.org/databases/uniprot/current_release/knowledgebase/complete/docs/speclist.txt`.
[2025-11-11 15:13:47] [INFO]    [OmnipathR] Cache record does not exist: `https://ftp.expasy.org/databases/uniprot/current_release/knowledgebase/complete/docs/speclist.txt`
[2025-11-11 15:13:47] [TRACE]   [OmnipathR] Could not find in cache, initiating download: `https://ftp.expasy.org/databases/uniprot/current_release/knowledgebase/complete/docs/speclist.txt`.
[2025-11-11 15:13:47] [TRACE]   [OmnipathR] Reading JSON from `/home/runner/.cache/OmnipathR/cache.json` (encoding: UTF-8).
[2025-11-11 15:13:47] [TRACE]   [OmnipathR] JSON validation successful: TRUE
[2025-11-11 15:13:47] [TRACE]   [OmnipathR] Reading JSON from `/home/runner/.cache/OmnipathR/cache.json` (encoding: UTF-8).
[2025-11-11 15:13:47] [TRACE]   [OmnipathR] JSON validation successful: TRUE
[2025-11-11 15:13:47] [INFO]    [OmnipathR] Cache item `56ad6544dc07a2222fa6013d8d83e6e5a35fdf33` version 1: status changed from `unknown` to `started`.
[2025-11-11 15:13:47] [TRACE]   [OmnipathR] Exporting object to RDS: `/home/runner/.cache/OmnipathR/56ad6544dc07a2222fa6013d8d83e6e5a35fdf33-1.rds`.
[2025-11-11 15:13:47] [INFO]    [OmnipathR] Retrieving URL: `https://ftp.expasy.org/databases/uniprot/current_release/knowledgebase/complete/docs/speclist.txt`
[2025-11-11 15:13:47] [TRACE]   [OmnipathR] Attempt 1/3: `https://ftp.expasy.org/databases/uniprot/current_release/knowledgebase/complete/docs/speclist.txt`
[2025-11-11 15:14:08] [TRACE]   [OmnipathR] Exported RDS to `/home/runner/.cache/OmnipathR/56ad6544dc07a2222fa6013d8d83e6e5a35fdf33-1.rds`.
[2025-11-11 15:14:08] [INFO]    [OmnipathR] Download ready [key=56ad6544dc07a2222fa6013d8d83e6e5a35fdf33, version=1]
[2025-11-11 15:14:08] [TRACE]   [OmnipathR] Reading JSON from `/home/runner/.cache/OmnipathR/cache.json` (encoding: UTF-8).
[2025-11-11 15:14:08] [TRACE]   [OmnipathR] JSON validation successful: TRUE
[2025-11-11 15:14:08] [INFO]    [OmnipathR] Cache item `56ad6544dc07a2222fa6013d8d83e6e5a35fdf33` version 1: status changed from `started` to `ready`.
[2025-11-11 15:14:08] [INFO]    [OmnipathR] Loaded database `Ensembl and OMA organism names`.
[2025-11-11 15:14:08] [TRACE]   [OmnipathR] Processing args for OmniPath query
[2025-11-11 15:14:08] [TRACE]   [OmnipathR] Arguments for OmniPath query: [wide=TRUE,resources=PROGENy,query_type=annotations]
[2025-11-11 15:14:08] [TRACE]   [OmnipathR] Organism(s): 9606
[2025-11-11 15:14:08] [TRACE]   [OmnipathR] Orthology targets: 
[2025-11-11 15:14:08] [TRACE]   [OmnipathR] Reading JSON from `https://omnipathdb.org/resources` (encoding: UTF-8).
[2025-11-11 15:14:09] [TRACE]   [OmnipathR] JSON validation successful: TRUE
[2025-11-11 15:14:09] [TRACE]   [OmnipathR] Looking up in cache: `https://omnipathdb.org/annotations?resources=PROGENy&license=academic`
[2025-11-11 15:14:09] [INFO]    [OmnipathR] Cache record does not exist: `https://omnipathdb.org/annotations?resources=PROGENy&license=academic`
[2025-11-11 15:14:09] [TRACE]   [OmnipathR] Looking up in cache: `http://no-tls.omnipathdb.org/annotations?resources=PROGENy&license=academic`
[2025-11-11 15:14:09] [INFO]    [OmnipathR] Cache record does not exist: `http://no-tls.omnipathdb.org/annotations?resources=PROGENy&license=academic`
[2025-11-11 15:14:09] [TRACE]   [OmnipathR] Attempting `https://omnipathdb.org/annotations?resources=PROGENy&license=academic`
[2025-11-11 15:14:09] [INFO]    [OmnipathR] Retrieving URL: `https://omnipathdb.org/annotations?resources=PROGENy&license=academic`
[2025-11-11 15:14:09] [TRACE]   [OmnipathR] Attempt 1/3: `https://omnipathdb.org/annotations?resources=PROGENy&license=academic`
[2025-11-11 15:14:09] [TRACE]   [OmnipathR] HTTP request by `omnipath_curl`.
[2025-11-11 15:14:09] [TRACE]   [OmnipathR] The following curl options are not available: tcp_keepcnt
[2025-11-11 15:14:09] [TRACE]   [OmnipathR] Curl options: [connecttimeout=10,timeout=300,debugfunction=<function>,verbose=FALSE,tcp_keepalive=TRUE,tcp_keepintvl=10,tcp_keepidle=10,upkeep_interval_ms=30000,ssl_verifypeer=1,ssl_verifyhost=2]
[2025-11-11 15:14:09] [TRACE]   [OmnipathR] HTTP v1 GET: status 200.
[2025-11-11 15:14:09] [TRACE]   [OmnipathR] Downloaded 15.7 Kb in 0.394808s from omnipathdb.org (39.7 Kb/s); Redirect: 0s, DNS look up: 0.083617s, Connection: 0.16063s, Pretransfer: 0.240267s, First byte at: 0.394456s
[2025-11-11 15:14:09] [TRACE]   [OmnipathR] HTTP headers: HTTP/1.1 200 OK; Server: nginx; Date: Tue, 11 Nov 2025 15:14:09 GMT; Content-Type: text/plain; charset=utf-8; Transfer-Encoding: chunked; Connection: keep-alive; Cache-Control: max-age=3600; Access-Control-Allow-Origin: *; Expires: Tue, 11 Nov 2025 16:14:09 GMT; Cache-Control: public; X-Frame-Options: DENY; Content-Encoding: gzip
[2025-11-11 15:14:11] [INFO]    [OmnipathR] Successfully retrieved: `https://omnipathdb.org/annotations?resources=PROGENy&license=academic`
[2025-11-11 15:14:11] [TRACE]   [OmnipathR] Reading JSON from `/home/runner/.cache/OmnipathR/cache.json` (encoding: UTF-8).
[2025-11-11 15:14:11] [TRACE]   [OmnipathR] JSON validation successful: TRUE
[2025-11-11 15:14:11] [TRACE]   [OmnipathR] Reading JSON from `/home/runner/.cache/OmnipathR/cache.json` (encoding: UTF-8).
[2025-11-11 15:14:11] [TRACE]   [OmnipathR] JSON validation successful: TRUE
[2025-11-11 15:14:11] [INFO]    [OmnipathR] Cache item `3492392585ba05414edfae46801492076437d7e7` version 1: status changed from `unknown` to `started`.
[2025-11-11 15:14:11] [TRACE]   [OmnipathR] Exporting object to RDS: `/home/runner/.cache/OmnipathR/3492392585ba05414edfae46801492076437d7e7-1.rds`.
[2025-11-11 15:14:13] [TRACE]   [OmnipathR] Exported RDS to `/home/runner/.cache/OmnipathR/3492392585ba05414edfae46801492076437d7e7-1.rds`.
[2025-11-11 15:14:13] [INFO]    [OmnipathR] Download ready [key=3492392585ba05414edfae46801492076437d7e7, version=1]
[2025-11-11 15:14:13] [TRACE]   [OmnipathR] Reading JSON from `/home/runner/.cache/OmnipathR/cache.json` (encoding: UTF-8).
[2025-11-11 15:14:13] [TRACE]   [OmnipathR] JSON validation successful: TRUE
[2025-11-11 15:14:13] [INFO]    [OmnipathR] Cache item `3492392585ba05414edfae46801492076437d7e7` version 1: status changed from `started` to `ready`.
[2025-11-11 15:14:13] [SUCCESS] [OmnipathR] Downloaded 699831 annotation records.
[2025-11-11 15:14:18] [TRACE]   [OmnipathR] Processing args for OmniPath query
[2025-11-11 15:14:18] [TRACE]   [OmnipathR] Arguments for OmniPath query: [loops=TRUE,organisms=9606,genesymbols=TRUE,query_type=interactions,datasets=collectri]
[2025-11-11 15:14:18] [TRACE]   [OmnipathR] Organism(s): 9606
[2025-11-11 15:14:18] [TRACE]   [OmnipathR] Orthology targets: 
[2025-11-11 15:14:18] [TRACE]   [OmnipathR] Looking up in cache: `https://omnipathdb.org/interactions?genesymbols=yes&datasets=collectri&organisms=9606&fields=sources,references,curation_effort&loops=yes&license=academic`
[2025-11-11 15:14:18] [INFO]    [OmnipathR] Cache record does not exist: `https://omnipathdb.org/interactions?genesymbols=yes&datasets=collectri&organisms=9606&fields=sources,references,curation_effort&loops=yes&license=academic`
[2025-11-11 15:14:18] [TRACE]   [OmnipathR] Looking up in cache: `http://no-tls.omnipathdb.org/interactions?genesymbols=yes&datasets=collectri&organisms=9606&fields=sources,references,curation_effort&loops=yes&license=academic`
[2025-11-11 15:14:18] [INFO]    [OmnipathR] Cache record does not exist: `http://no-tls.omnipathdb.org/interactions?genesymbols=yes&datasets=collectri&organisms=9606&fields=sources,references,curation_effort&loops=yes&license=academic`
[2025-11-11 15:14:18] [TRACE]   [OmnipathR] Attempting `https://omnipathdb.org/interactions?genesymbols=yes&datasets=collectri&organisms=9606&fields=sources,references,curation_effort&loops=yes&license=academic`
[2025-11-11 15:14:18] [INFO]    [OmnipathR] Retrieving URL: `https://omnipathdb.org/interactions?genesymbols=yes&datasets=collectri&organisms=9606&fields=sources,references,curation_effort&loops=yes&license=academic`
[2025-11-11 15:14:18] [TRACE]   [OmnipathR] Attempt 1/3: `https://omnipathdb.org/interactions?genesymbols=yes&datasets=collectri&organisms=9606&fields=sources,references,curation_effort&loops=yes&license=academic`
[2025-11-11 15:14:18] [TRACE]   [OmnipathR] HTTP request by `omnipath_curl`.
[2025-11-11 15:14:18] [TRACE]   [OmnipathR] The following curl options are not available: tcp_keepcnt
[2025-11-11 15:14:18] [TRACE]   [OmnipathR] Curl options: [connecttimeout=10,timeout=300,debugfunction=<function>,verbose=FALSE,tcp_keepalive=TRUE,tcp_keepintvl=10,tcp_keepidle=10,upkeep_interval_ms=30000,ssl_verifypeer=1,ssl_verifyhost=2]
[2025-11-11 15:14:20] [TRACE]   [OmnipathR] HTTP v1 GET: status 200.
[2025-11-11 15:14:20] [TRACE]   [OmnipathR] Downloaded 15.7 Kb in 1.639106s from omnipathdb.org (9.6 Kb/s); Redirect: 0s, DNS look up: 0.082702s, Connection: 0.158786s, Pretransfer: 0.237394s, First byte at: 1.638705s
[2025-11-11 15:14:20] [TRACE]   [OmnipathR] HTTP headers: HTTP/1.1 200 OK; Server: nginx; Date: Tue, 11 Nov 2025 15:14:20 GMT; Content-Type: text/plain; charset=utf-8; Transfer-Encoding: chunked; Connection: keep-alive; Cache-Control: max-age=3600; Access-Control-Allow-Origin: *; Expires: Tue, 11 Nov 2025 16:14:20 GMT; Cache-Control: public; X-Frame-Options: DENY; Content-Encoding: gzip
[2025-11-11 15:14:21] [INFO]    [OmnipathR] Successfully retrieved: `https://omnipathdb.org/interactions?genesymbols=yes&datasets=collectri&organisms=9606&fields=sources,references,curation_effort&loops=yes&license=academic`
[2025-11-11 15:14:21] [TRACE]   [OmnipathR] Reading JSON from `/home/runner/.cache/OmnipathR/cache.json` (encoding: UTF-8).
[2025-11-11 15:14:21] [TRACE]   [OmnipathR] JSON validation successful: TRUE
[2025-11-11 15:14:21] [TRACE]   [OmnipathR] Reading JSON from `/home/runner/.cache/OmnipathR/cache.json` (encoding: UTF-8).
[2025-11-11 15:14:21] [TRACE]   [OmnipathR] JSON validation successful: TRUE
[2025-11-11 15:14:21] [INFO]    [OmnipathR] Cache item `b10176737ba43d460b13709623189f3911123779` version 1: status changed from `unknown` to `started`.
[2025-11-11 15:14:21] [TRACE]   [OmnipathR] Exporting object to RDS: `/home/runner/.cache/OmnipathR/b10176737ba43d460b13709623189f3911123779-1.rds`.
[2025-11-11 15:14:21] [TRACE]   [OmnipathR] Exported RDS to `/home/runner/.cache/OmnipathR/b10176737ba43d460b13709623189f3911123779-1.rds`.
[2025-11-11 15:14:21] [INFO]    [OmnipathR] Download ready [key=b10176737ba43d460b13709623189f3911123779, version=1]
[2025-11-11 15:14:21] [TRACE]   [OmnipathR] Reading JSON from `/home/runner/.cache/OmnipathR/cache.json` (encoding: UTF-8).
[2025-11-11 15:14:21] [TRACE]   [OmnipathR] JSON validation successful: TRUE
[2025-11-11 15:14:21] [INFO]    [OmnipathR] Cache item `b10176737ba43d460b13709623189f3911123779` version 1: status changed from `started` to `ready`.
[2025-11-11 15:14:23] [SUCCESS] [OmnipathR] Downloaded 64979 interactions.
[2025-11-11 15:14:23] [TRACE]   [OmnipathR] Processing args for OmniPath query
[2025-11-11 15:14:23] [TRACE]   [OmnipathR] Arguments for OmniPath query: [genesymbols=TRUE,resources=CollecTRI,strict_evidences=TRUE,query_type=interactions,datasets=tf_mirna]
[2025-11-11 15:14:23] [TRACE]   [OmnipathR] Organism(s): 9606
[2025-11-11 15:14:23] [TRACE]   [OmnipathR] Orthology targets: 
[2025-11-11 15:14:23] [TRACE]   [OmnipathR] Reading JSON from `https://omnipathdb.org/resources` (encoding: UTF-8).
[2025-11-11 15:14:24] [TRACE]   [OmnipathR] JSON validation successful: TRUE
[2025-11-11 15:14:24] [TRACE]   [OmnipathR] Looking up in cache: `https://omnipathdb.org/interactions?genesymbols=yes&resources=CollecTRI&datasets=tf_mirna&organisms=9606&fields=evidences,sources,references,curation_effort&license=academic`
[2025-11-11 15:14:24] [INFO]    [OmnipathR] Cache record does not exist: `https://omnipathdb.org/interactions?genesymbols=yes&resources=CollecTRI&datasets=tf_mirna&organisms=9606&fields=evidences,sources,references,curation_effort&license=academic`
[2025-11-11 15:14:24] [TRACE]   [OmnipathR] Looking up in cache: `http://no-tls.omnipathdb.org/interactions?genesymbols=yes&resources=CollecTRI&datasets=tf_mirna&organisms=9606&fields=evidences,sources,references,curation_effort&license=academic`
[2025-11-11 15:14:24] [INFO]    [OmnipathR] Cache record does not exist: `http://no-tls.omnipathdb.org/interactions?genesymbols=yes&resources=CollecTRI&datasets=tf_mirna&organisms=9606&fields=evidences,sources,references,curation_effort&license=academic`
[2025-11-11 15:14:24] [TRACE]   [OmnipathR] Attempting `https://omnipathdb.org/interactions?genesymbols=yes&resources=CollecTRI&datasets=tf_mirna&organisms=9606&fields=evidences,sources,references,curation_effort&license=academic`
[2025-11-11 15:14:24] [INFO]    [OmnipathR] Retrieving URL: `https://omnipathdb.org/interactions?genesymbols=yes&resources=CollecTRI&datasets=tf_mirna&organisms=9606&fields=evidences,sources,references,curation_effort&license=academic`
[2025-11-11 15:14:24] [TRACE]   [OmnipathR] Attempt 1/3: `https://omnipathdb.org/interactions?genesymbols=yes&resources=CollecTRI&datasets=tf_mirna&organisms=9606&fields=evidences,sources,references,curation_effort&license=academic`
[2025-11-11 15:14:24] [TRACE]   [OmnipathR] HTTP request by `omnipath_curl`.
[2025-11-11 15:14:24] [TRACE]   [OmnipathR] The following curl options are not available: tcp_keepcnt
[2025-11-11 15:14:24] [TRACE]   [OmnipathR] Curl options: [connecttimeout=10,timeout=300,debugfunction=<function>,verbose=FALSE,tcp_keepalive=TRUE,tcp_keepintvl=10,tcp_keepidle=10,upkeep_interval_ms=30000,ssl_verifypeer=1,ssl_verifyhost=2]
[2025-11-11 15:14:24] [TRACE]   [OmnipathR] HTTP v1 GET: status 200.
[2025-11-11 15:14:24] [TRACE]   [OmnipathR] Downloaded 9 Kb in 0.512199s from omnipathdb.org (17.7 Kb/s); Redirect: 0s, DNS look up: 0.006906s, Connection: 0.083219s, Pretransfer: 0.16237s, First byte at: 0.511927s
[2025-11-11 15:14:24] [TRACE]   [OmnipathR] HTTP headers: HTTP/1.1 200 OK; Server: nginx; Date: Tue, 11 Nov 2025 15:14:24 GMT; Content-Type: text/plain; charset=utf-8; Transfer-Encoding: chunked; Connection: keep-alive; Cache-Control: max-age=3600; Access-Control-Allow-Origin: *; Expires: Tue, 11 Nov 2025 16:14:24 GMT; Cache-Control: public; X-Frame-Options: DENY; Content-Encoding: gzip
[2025-11-11 15:14:25] [INFO]    [OmnipathR] Successfully retrieved: `https://omnipathdb.org/interactions?genesymbols=yes&resources=CollecTRI&datasets=tf_mirna&organisms=9606&fields=evidences,sources,references,curation_effort&license=academic`
[2025-11-11 15:14:25] [TRACE]   [OmnipathR] Reading JSON from `/home/runner/.cache/OmnipathR/cache.json` (encoding: UTF-8).
[2025-11-11 15:14:25] [TRACE]   [OmnipathR] JSON validation successful: TRUE
[2025-11-11 15:14:25] [TRACE]   [OmnipathR] Reading JSON from `/home/runner/.cache/OmnipathR/cache.json` (encoding: UTF-8).
[2025-11-11 15:14:25] [TRACE]   [OmnipathR] JSON validation successful: TRUE
[2025-11-11 15:14:25] [INFO]    [OmnipathR] Cache item `f7d34500401ba98803b7d2b26c48f64cee1eea1b` version 1: status changed from `unknown` to `started`.
[2025-11-11 15:14:25] [TRACE]   [OmnipathR] Exporting object to RDS: `/home/runner/.cache/OmnipathR/f7d34500401ba98803b7d2b26c48f64cee1eea1b-1.rds`.
[2025-11-11 15:14:25] [TRACE]   [OmnipathR] Exported RDS to `/home/runner/.cache/OmnipathR/f7d34500401ba98803b7d2b26c48f64cee1eea1b-1.rds`.
[2025-11-11 15:14:25] [INFO]    [OmnipathR] Download ready [key=f7d34500401ba98803b7d2b26c48f64cee1eea1b, version=1]
[2025-11-11 15:14:25] [TRACE]   [OmnipathR] Reading JSON from `/home/runner/.cache/OmnipathR/cache.json` (encoding: UTF-8).
[2025-11-11 15:14:25] [TRACE]   [OmnipathR] JSON validation successful: TRUE
[2025-11-11 15:14:25] [INFO]    [OmnipathR] Cache item `f7d34500401ba98803b7d2b26c48f64cee1eea1b` version 1: status changed from `started` to `ready`.
[2025-11-11 15:14:25] [TRACE]   [OmnipathR] Converting JSON column `evidences` to list.
[2025-11-11 15:14:25] [TRACE]   [OmnipathR] Restricting interaction records to datasets: tf_mirna; and resources: CollecTRI
[2025-11-11 15:14:25] [TRACE]   [OmnipathR] Filtering evidence columns: positive, negative, directed, undirected; to datasets: tf_mirna; and resources: CollecTRI; excluding resources: none
[2025-11-11 15:14:25] [SUCCESS] [OmnipathR] Downloaded 207 interactions.
[2025-11-11 15:14:27] [TRACE]   [OmnipathR] Reading JSON from `https://omnipathdb.org/resources` (encoding: UTF-8).
[2025-11-11 15:14:28] [TRACE]   [OmnipathR] JSON validation successful: TRUE
[2025-11-11 15:14:28] [TRACE]   [OmnipathR] Processing args for OmniPath query
[2025-11-11 15:14:28] [TRACE]   [OmnipathR] Arguments for OmniPath query: [wide=TRUE,resources=PROGENy,query_type=annotations]
[2025-11-11 15:14:28] [TRACE]   [OmnipathR] Organism(s): 9606
[2025-11-11 15:14:28] [TRACE]   [OmnipathR] Orthology targets: 
[2025-11-11 15:14:28] [TRACE]   [OmnipathR] Reading JSON from `https://omnipathdb.org/resources` (encoding: UTF-8).
[2025-11-11 15:14:29] [TRACE]   [OmnipathR] JSON validation successful: TRUE
[2025-11-11 15:14:29] [TRACE]   [OmnipathR] Looking up in cache: `https://omnipathdb.org/annotations?resources=PROGENy&license=academic`
[2025-11-11 15:14:30] [TRACE]   [OmnipathR] Loaded data from RDS `/home/runner/.cache/OmnipathR/3492392585ba05414edfae46801492076437d7e7-1.rds`.
[2025-11-11 15:14:30] [INFO]    [OmnipathR] Loaded from cache: `https://omnipathdb.org/annotations?resources=PROGENy&license=academic`
[2025-11-11 15:14:30] [SUCCESS] [OmnipathR] Loaded 699831 annotation records from cache.
[2025-11-11 15:14:34] [TRACE]   [OmnipathR] Reading JSON from `https://omnipathdb.org/resources` (encoding: UTF-8).
[2025-11-11 15:14:34] [TRACE]   [OmnipathR] JSON validation successful: TRUE
[2025-11-11 15:14:34] [TRACE]   [OmnipathR] Processing args for OmniPath query
[2025-11-11 15:14:34] [TRACE]   [OmnipathR] Arguments for OmniPath query: [wide=TRUE,resources=PROGENy,query_type=annotations]
[2025-11-11 15:14:34] [TRACE]   [OmnipathR] Organism(s): 9606
[2025-11-11 15:14:34] [TRACE]   [OmnipathR] Orthology targets: 
[2025-11-11 15:14:34] [TRACE]   [OmnipathR] Reading JSON from `https://omnipathdb.org/resources` (encoding: UTF-8).
[2025-11-11 15:14:35] [TRACE]   [OmnipathR] JSON validation successful: TRUE
[2025-11-11 15:14:35] [TRACE]   [OmnipathR] Looking up in cache: `https://omnipathdb.org/annotations?resources=PROGENy&license=academic`
[2025-11-11 15:14:36] [TRACE]   [OmnipathR] Loaded data from RDS `/home/runner/.cache/OmnipathR/3492392585ba05414edfae46801492076437d7e7-1.rds`.
[2025-11-11 15:14:36] [INFO]    [OmnipathR] Loaded from cache: `https://omnipathdb.org/annotations?resources=PROGENy&license=academic`
[2025-11-11 15:14:36] [SUCCESS] [OmnipathR] Loaded 699831 annotation records from cache.
