[2026-09-30 01:06:53] [TRACE]   [OmnipathR] Reading JSON from `/home/runner/.cache/OmnipathR/cache.json` (encoding: UTF-8).
[2026-09-30 01:06:54] [TRACE]   [OmnipathR] JSON validation successful: TRUE
[2026-09-30 01:06:54] [INFO]    [OmnipathR] Initialized cache: `/home/runner/.cache/OmnipathR`.
[2026-09-30 01:06:54] [INFO]    [OmnipathR] Package `OmnipathR` packaged: 2026-09-30 01:00:30 UTC; runner
[2026-09-30 01:06:54] [INFO]    [OmnipathR] Package `OmnipathR` date/publication: NA
[2026-09-30 01:06:54] [INFO]    [OmnipathR] Package `OmnipathR` built: R 4.6.1; ; 2026-09-30 01:00:32 UTC; unix
[2026-09-30 01:06:54] [INFO]    [OmnipathR] Package `OmnipathR` version: 4.1.0
[2026-09-30 01:06:54] [INFO]    [OmnipathR] Package `OmnipathR` repository: NA
[2026-09-30 01:06:54] [INFO]    [OmnipathR] Session info: [version=R version 4.6.1 (2026-06-24); os=Ubuntu 24.04.5 LTS; system=x86_64, linux-gnu; ui=X11; language=en; collate=C; ctype=C.UTF-8; tz=UTC; date=2026-09-30; pandoc=3.8.3 @ /opt/hostedtoolcache/pandoc/3.8.3/x64/ (via rmarkdown); quarto=NA]
[2026-09-30 01:06:54] [INFO]    [OmnipathR] External libraries: [cairo=1.18.0; cairoFT=; pango=1.52.1; png=1.6.43; jpeg=8.0; tiff=LIBTIFF, Version 4.5.1; tcl=8.6; curl=8.5.0; zlib=1.3; bzlib=1.0.8, 13-Jul-2019; xz=5.4.5; deflate=1.19; zstd=1.5.5; PCRE=10.42 2022-12-11; ICU=74.2; TRE=TRE 0.8.0 R_fixes (BSD); iconv=glibc 2.39; readline=8.2; BLAS=/usr/lib/x86_64-linux-gnu/openblas-pthread/libblas.so.3; lapack=/usr/lib/x86_64-linux-gnu/openblas-pthread/libopenblasp-r0.3.26.so; lapack_version=3.12.0]
[2026-09-30 01:06:54] [INFO]    [OmnipathR] Loaded packages: abind 1.4-8(2024-09-12); ADImpute 1.22.0(2026-04-28); annotate 1.90.0(2026-04-28); AnnotationDbi 1.74.0(2026-04-28); askpass 1.2.1(2024-10-04); backports 1.5.1(2026-04-03); base64enc 0.1-6(2026-02-02); beachmat 2.28.0(2026-04-28); Biobase 2.72.0(2026-04-28); BiocGenerics 0.58.1(2026-05-14); BiocParallel 1.46.0(2026-04-29); BiocSingular 1.28.0(2026-04-28); Biostrings 2.80.2(2026-09-02); bit 4.6.0(2025-03-06); bit64 4.8.6(2026-09-01); bitops 1.1-0(2026-07-30); blob 1.3.0(2026-01-14); brio 1.1.5(2024-04-24); broom 1.0.13(2026-05-14); bslib 0.12.0(2026-08-04); cachem 1.1.0(2024-05-16); car 3.1-5(2026-02-03); carData 3.0-6(2026-01-30); caTools 1.18.4(2026-07-20); cellranger 1.1.0(2016-07-27); CellTFusion 0.0.1(2026-09-30); checkmate 2.3.4(2026-02-03); cli 3.6.6(2026-04-09); cluster 2.1.8.2(2026-02-05); codetools 0.2-20(2024-03-31); colorspace 2.1-3(2026-07-12); cowplot 1.2.0(2025-07-07); crayon 1.5.3(2024-06-20); curl 8.0.0(2026-08-25); data.table 1.18.6.1(2026-08-24); DBI 1.3.0(2026-02-25); decoupleR 2.17.0(2025-10-30); DelayedArray 0.38.2(2026-05-26); DelayedMatrixStats 1.34.0(2026-04-28); dendextend 1.19.1(2025-07-15); desc 1.4.3(2023-12-10); devtools 2.5.2(2026-04-30); digest 0.6.39(2025-11-19); downlit 0.4.5(2025-11-14); dplyr 1.2.1(2026-04-03); dynamicTreeCut 1.63-1(2016-03-11); ellipsis 0.3.3(2026-04-04); evaluate 1.0.5(2025-08-27); fansi 1.0.7(2025-11-19); farver 2.1.2(2024-05-13); fastmap 1.2.0(2024-05-15); fastmatch 1.1-8(2026-01-17); fgsea 1.38.0(2026-04-28); fontawesome 0.5.3(2024-11-16); foreach 1.5.2(2022-02-02); foreign 0.8-91(2026-01-29); Formula 1.2-6(2026-08-03); fs 2.1.0(2026-04-18); generics 0.1.4(2025-05-09); GenomicRanges 1.64.0(2026-04-28); ggplot2 4.0.3(2026-04-22); gitcreds 0.1.2(2022-09-08); glue 1.8.1(2026-04-17); gplots 3.3.0(2025-11-30); graph 1.90.0(2026-04-28); gridExtra 2.3.1(2026-06-25); GSEABase 1.74.0(2026-04-28); GSVA 2.6.6(2026-08-04); gtable 0.3.6(2024-10-25); gtools 3.9.5(2023-11-20); h5mread 1.4.1(2026-08-23); HDF5Array 1.40.0(2026-04-28); Hmisc 5.3-0(2026-09-06); hms 1.1.4(2025-10-17); htmlTable 2.5.0(2026-04-22); htmltools 0.5.9(2025-12-04); htmlwidgets 1.6.4(2023-12-06); httpuv 1.6.17(2026-03-18); httr 1.4.9(2026-09-01); httr2 1.3.0(2026-07-13); igraph 2.3.3(2026-06-26); IRanges 2.46.0(2026-04-28); irlba 2.3.7(2026-01-30); iterators 1.0.14(2022-02-05); jquerylib 0.1.4(2021-04-26); jsonlite 2.0.0(2025-03-27); KEGGREST 1.52.2(2026-06-18); KernSmooth 2.23-26(2025-01-01); knitr 1.52(2026-09-06); later 1.4.8(2026-03-05); lattice 0.22-9(2026-02-09); lifecycle 1.0.5(2026-01-08); logger 0.4.3(2026-08-24); lubridate 1.9.5(2026-02-04); magick 2.9.1(2026-02-28); magrittr 2.0.5(2026-04-04); MASS 7.3-65(2025-02-28); Matrix 1.7-5(2026-03-21); MatrixGenerics 1.24.0(2026-04-28); matrixStats 1.5.0(2025-01-07); memoise 2.0.1(2021-11-26); memuse 4.2-3(2023-01-24); mime 0.13(2025-03-17); multideconv 0.0.1(2026-09-30); nnet 7.3-20(2025-01-01); OmnipathR 4.1.0(2026-09-30); openssl 2.4.2(2026-06-09); org.Hs.eg.db 3.23.1(2026-09-30); otel 0.2.0(2025-08-29); pak 0.11.1(2026-07-22); parallelly 1.48.0(2026-06-29); pcaMethods 2.4.0(2026-04-28); pheatmap 1.0.13(2025-06-05); pillar 1.11.1(2025-09-17); pkgbuild 1.4.8(2025-05-26); pkgconfig 2.0.3(2019-09-22); pkgdown 2.2.1(2026-07-07); pkgload 1.5.3(2026-06-15); png 0.1-9(2026-03-15); ppcor 1.1(2015-12-03); prettyunits 1.2.0(2023-09-24); progress 1.2.3(2023-12-06); promises 1.5.0(2025-11-01); purrr 1.2.2(2026-04-10); R.methodsS3 1.8.2(2022-06-13); R.oo 1.27.1(2025-05-02); R.utils 2.13.0(2025-02-24); R6 2.6.1(2025-02-15); ragg 1.5.2(2026-03-23); rappdirs 0.3.4(2026-01-17); RColorBrewer 1.1-3(2022-04-03); Rcpp 1.1.2(2026-07-05); readr 2.2.0(2026-02-19); readxl 1.5.0.1(2026-09-16); rhdf5 2.56.1(2026-09-14); rhdf5filters 1.24.1(2026-07-28); Rhdf5lib 2.0.0(2026-04-28); rjson 0.2.23(2024-09-16); rlang 1.3.0(2026-07-05); rmarkdown 2.32(2026-09-01); rpart 4.1.27(2026-03-27); RSQLite 3.53.3(2026-06-30); rstatix 1.1.0(2026-07-23); rstudioapi 0.19.0(2026-06-11); rsvd 1.0.5(2021-04-16); rvest 1.0.5(2025-08-29); S4Arrays 1.12.1(2026-09-22); S4Vectors 0.50.3(2026-09-16); S7 0.2.2(2026-04-22); sass 0.4.10(2025-04-11); ScaledMatrix 1.20.0(2026-04-28); scales 1.4.0(2025-04-24); Seqinfo 1.2.0(2026-04-28); sessioninfo 1.2.4(2026-06-04); shiny 1.14.0(2026-06-21); SingleCellExperiment 1.34.0(2026-04-28); SparseArray 1.12.3(2026-09-22); sparseMatrixStats 1.24.0(2026-04-28); SpatialExperiment 1.22.0(2026-04-28); stringi 1.8.9(2026-08-04); stringr 1.6.0(2025-11-04); SummarizedExperiment 1.42.0(2026-04-28); systemfonts 1.3.2(2026-03-05); testthat 3.3.2(2026-01-11); textshaping 1.0.5(2026-03-06); tibble 3.3.1(2026-01-11); tidyr 1.3.2(2025-12-19); tidyselect 1.2.1(2024-03-11); timechange 0.4.0(2026-01-29); tzdb 0.5.0(2025-03-15); usethis 3.2.2(2026-09-10); vctrs 0.7.3(2026-04-11); viridis 0.6.5(2024-01-29); viridisLite 0.4.3(2026-02-04); whisker 0.4.1(2022-12-05); withr 3.0.3(2026-06-19); xfun 0.61(2026-09-16); XML 3.99-0.25(2026-09-27); xml2 1.6.0(2026-06-22); xtable 1.8-8(2026-02-22); XVector 0.52.0(2026-04-28); yaml 2.3.12(2025-12-10); zip 3.0.2(2026-08-04)
[2026-09-30 01:06:54] [INFO]    [OmnipathR] CURL: version: 8.5.0; headers: 8.5.0; ssl_version: OpenSSL/3.0.13; libz_version: 1.3; libssh_version: libssh/0.10.6/openssl/zlib; libidn_version: 2.3.7; host: x86_64-pc-linux-gnu; protocols: dict, file, ftp, ftps, gopher, gophers, http, https, imap, imaps, ldap, ldaps, mqtt, pop3, pop3s, rtmp, rtmpe, rtmps, rtmpt, rtmpte, rtmpts, rtsp, scp, sftp, smb, smbs, smtp, smtps, telnet, tftp; ipv6: TRUE; http2: TRUE; idn: TRUE; url_parser: TRUE
[2026-09-30 01:06:54] [TRACE]   [OmnipathR] Reading JSON from `/home/runner/work/_temp/Library/OmnipathR/db/db_def.json` (encoding: UTF-8).
[2026-09-30 01:06:54] [TRACE]   [OmnipathR] JSON validation successful: TRUE
[2026-09-30 01:06:54] [TRACE]   [OmnipathR] Reading JSON from `/home/runner/work/_temp/Library/OmnipathR/internal/magic_bytes.json` (encoding: UTF-8).
[2026-09-30 01:06:54] [TRACE]   [OmnipathR] JSON validation successful: TRUE
[2026-09-30 01:06:54] [TRACE]   [OmnipathR] Reading JSON from `/home/runner/work/_temp/Library/OmnipathR/internal/urls.json` (encoding: UTF-8).
[2026-09-30 01:06:54] [TRACE]   [OmnipathR] JSON validation successful: TRUE
[2026-09-30 01:06:54] [TRACE]   [OmnipathR] Reading JSON from `/home/runner/work/_temp/Library/OmnipathR/internal/id_types.json` (encoding: UTF-8).
[2026-09-30 01:06:54] [TRACE]   [OmnipathR] JSON validation successful: TRUE
[2026-09-30 01:06:54] [INFO]    [OmnipathR] Loading database `Ensembl and OMA organism names`.
[2026-09-30 01:06:54] [TRACE]   [OmnipathR] Checking on-disk cache for database `organisms`.
[2026-09-30 01:06:54] [INFO]    [OmnipathR] Cache record does not exist: `db://organisms`
[2026-09-30 01:06:54] [TRACE]   [OmnipathR] Loading database `organisms` from source.
[2026-09-30 01:06:54] [TRACE]   [OmnipathR] Reading JSON from `/home/runner/.cache/OmnipathR/cache.json` (encoding: UTF-8).
[2026-09-30 01:06:54] [TRACE]   [OmnipathR] JSON validation successful: TRUE
[2026-09-30 01:06:54] [INFO]    [OmnipathR] Looking up in cache `https://www.ensembl.org/info/about/species.html`: key=7332486db7400730697234bad76ca0c8e4d00799, no version available.
[2026-09-30 01:06:54] [TRACE]   [OmnipathR] Reading JSON from `/home/runner/.cache/OmnipathR/cache.json` (encoding: UTF-8).
[2026-09-30 01:06:54] [TRACE]   [OmnipathR] JSON validation successful: TRUE
[2026-09-30 01:06:54] [INFO]    [OmnipathR] Created new version for cache record 7332486db7400730697234bad76ca0c8e4d00799: version 1.
[2026-09-30 01:06:54] [TRACE]   [OmnipathR] Cache file path: /home/runner/.cache/OmnipathR/7332486db7400730697234bad76ca0c8e4d00799-1.html
[2026-09-30 01:06:54] [INFO]    [OmnipathR] Retrieving URL: `https://www.ensembl.org/info/about/species.html`
[2026-09-30 01:06:54] [TRACE]   [OmnipathR] Downloading by `httr2` in `download_base`.
[2026-09-30 01:06:54] [TRACE]   [OmnipathR] Attempt 1/3: `https://www.ensembl.org/info/about/species.html`
[2026-09-30 01:06:54] [TRACE]   [OmnipathR] Preparing httr2 request to URL `https://www.ensembl.org/info/about/species.html`.
[2026-09-30 01:06:54] [TRACE]   [OmnipathR] HTTP headers: [User-Agent=Mozilla/5.0 (X11; Linux x86_64; rv:134.0) Gecko/20100101 Firefox/134.0]
[2026-09-30 01:06:54] [TRACE]   [OmnipathR] The following curl options are not available: tcp_keepcnt
[2026-09-30 01:06:54] [TRACE]   [OmnipathR] Curl options: [connecttimeout=10,timeout=300,debugfunction=<function>,verbose=FALSE,tcp_keepalive=TRUE,tcp_keepintvl=10,tcp_keepidle=10,upkeep_interval_ms=30000,ssl_verifypeer=1,ssl_verifyhost=2]
[2026-09-30 01:06:54] [TRACE]   [OmnipathR] HTTP headers: [User-Agent=Mozilla/5.0 (X11; Linux x86_64; rv:134.0) Gecko/20100101 Firefox/134.0]
[2026-09-30 01:06:54] [TRACE]   [OmnipathR] Sending HTTP request.
[2026-09-30 01:06:57] [TRACE]   [OmnipathR] HTTP 200 (OK)
[2026-09-30 01:06:57] [TRACE]   [OmnipathR] No downlad stats available: no curl handle.
[2026-09-30 01:06:57] [TRACE]   [OmnipathR] Response headers: [server=Apache,vary=Accept-Encoding,content-type=text/html; charset=utf-8,content-encoding=gzip,content-security-policy=frame-ancestors 'self',strict-transport-security=max-age=31536000; includeSubDomains; preload,date=Wed, 30 Sep 2026 01:06:57 GMT,accept-ranges=bytes,set-cookie=ENSEMBL_HINX_SESSION=91c19c6779cec7b00d5998a76b0b7ab105a15d327520bd35737c383e; path=/; expires=Thu, 31-Dec-2037 23:59:59 GMT; HttpOnly,set-cookie=ENSEMBL_HINX_SESSION=91c19c6779cec7b00d5998a76b0b7ab105a15d327520bd35737c383e; path=/; expires=Thu, 31-Dec-2037 23:59:59 GMT; HttpOnly,x-frame-options=SAMEORIGIN,content-length=33098]
[2026-09-30 01:06:58] [INFO]    [OmnipathR] Download ready [key=7332486db7400730697234bad76ca0c8e4d00799, version=1]
[2026-09-30 01:06:58] [TRACE]   [OmnipathR] Reading JSON from `/home/runner/.cache/OmnipathR/cache.json` (encoding: UTF-8).
[2026-09-30 01:06:58] [TRACE]   [OmnipathR] JSON validation successful: TRUE
[2026-09-30 01:06:58] [INFO]    [OmnipathR] Cache item `7332486db7400730697234bad76ca0c8e4d00799` version 1: status changed from `unknown` to `ready`.
[2026-09-30 01:06:58] [TRACE]   [OmnipathR] Downloading by `generic_downloader`.
[2026-09-30 01:06:58] [TRACE]   [OmnipathR] Looking up in cache: `https://omabrowser.org/All/oma-species.txt`.
[2026-09-30 01:06:58] [INFO]    [OmnipathR] Cache record does not exist: `https://omabrowser.org/All/oma-species.txt`
[2026-09-30 01:06:58] [TRACE]   [OmnipathR] Could not find in cache, initiating download: `https://omabrowser.org/All/oma-species.txt`.
[2026-09-30 01:06:58] [TRACE]   [OmnipathR] Reading JSON from `/home/runner/.cache/OmnipathR/cache.json` (encoding: UTF-8).
[2026-09-30 01:06:58] [TRACE]   [OmnipathR] JSON validation successful: TRUE
[2026-09-30 01:06:58] [TRACE]   [OmnipathR] Reading JSON from `/home/runner/.cache/OmnipathR/cache.json` (encoding: UTF-8).
[2026-09-30 01:06:58] [TRACE]   [OmnipathR] JSON validation successful: TRUE
[2026-09-30 01:06:58] [INFO]    [OmnipathR] Cache item `30e690cbb55dfc63b5903ab337f34ffc2f4be397` version 1: status changed from `unknown` to `started`.
[2026-09-30 01:06:58] [TRACE]   [OmnipathR] Exporting object to RDS: `/home/runner/.cache/OmnipathR/30e690cbb55dfc63b5903ab337f34ffc2f4be397-1.rds`.
[2026-09-30 01:06:58] [INFO]    [OmnipathR] Retrieving URL: `https://omabrowser.org/All/oma-species.txt`
[2026-09-30 01:06:58] [TRACE]   [OmnipathR] Attempt 1/3: `https://omabrowser.org/All/oma-species.txt`
[2026-09-30 01:06:58] [TRACE]   [OmnipathR] HTTP request by `omnipath_curl`.
[2026-09-30 01:06:58] [TRACE]   [OmnipathR] The following curl options are not available: tcp_keepcnt
[2026-09-30 01:06:58] [TRACE]   [OmnipathR] Curl options: [connecttimeout=10,timeout=300,debugfunction=<function>,verbose=FALSE,tcp_keepalive=TRUE,tcp_keepintvl=10,tcp_keepidle=10,upkeep_interval_ms=30000,ssl_verifypeer=1,ssl_verifyhost=2]
[2026-09-30 01:07:00] [TRACE]   [OmnipathR] HTTP v1 GET: status 200.
[2026-09-30 01:07:00] [TRACE]   [OmnipathR] Downloaded 7.2 Kb in 1.571865s from omabrowser.org (4.6 Kb/s); Redirect: 0.884872s, DNS look up: 0.32157s, Connection: 0.483885s, Pretransfer: 0.653551s, First byte at: 1.553629s
[2026-09-30 01:07:00] [TRACE]   [OmnipathR] HTTP headers: HTTP/2 302 ; date: Wed, 30 Sep 2026 01:06:59 GMT; content-type: text/html; charset=utf-8; location: https://zenodo.org/records/20922901/files/oma-species.txt?download=1; server: cloudflare; nel: {"report_to":"cf-nel","success_fraction":0.0,"max_age":604800}; access-control-allow-origin: *; x-frame-options: DENY; vary: Cookie; x-content-type-options: nosniff; referrer-policy: same-origin; cross-origin-opener-policy: same-origin; set-cookie: __matomo=c94982d849cd900b; expires=Fri, 29-Sep-2028 01:06:59 UTC; Path=/; strict-transport-security: max-age=15768000; cf-cache-status: DYNAMIC; report-to: {"group":"cf-nel","max_age":604800,"endpoints":[{"url":"https://a.nel.cloudflare.com/report/v4?s=cU4P6MFNObqOreKfr%2FzGQgbVnrUABuxsY2km2fXvdWzuH3OcPr9B8lJTnEFT7VKFfHGw2yPmUE25%2B3N7C0LWD85KttJdYWNFXBxPg1jGdQkx3kznlohtIb6C5n15UZTQ"}]}; cf-ray: a42f53fd79f1dc3c-SJC; HTTP/1.1 200 OK; server: nginx; date: Wed, 30 Sep 2026 01:07:00 GMT; content-type: text/plain; charset=utf-8; transfer-encoding: chunked; vary: Accept-Encoding; content-disposition: attachment; filename=oma-species.txt; set-cookie: session=4627b06c5c83bc50_6abc60b4.vK7Crvh-S45PLOqduntTdwx6mu0; Expires=Mon, 05 Oct 2026 01:07:00 GMT; Secure; HttpOnly; Path=/; SameSite=Lax; oc-checksum: MD5:be0e147d873e195c8d84d3a7d485638; accept-ranges: bytes; content-type: text/plain; charset=utf-8; content-security-policy: default-src 'self' fonts.googleapis.com *.gstatic.com data: 'unsafe-inline' 'unsafe-eval' blob: zenodo-broker.web.cern.ch zenodo-broker-qa.web.cern.ch maxcdn.bootstrapcdn.com cdnjs.cloudflare.com ajax.googleapis.com webanalytics.web.cern.ch; x-content-type-options: nosniff; x-download-options: noopen; x-permitted-cross-domain-policies: none; x-frame-options: sameorigin; x-xss-protection: 1; mode=block; x-ratelimit-limit: 133; x-ratelimit-remaining: 132; x-ratelimit-reset: 1790730481; retry-after: 60; strict-transport-security: max-age=31556926; includeSubDomains; referrer-policy: strict-origin-when-cross-origin; x-source: files-primary; content-encoding: gzip
[2026-09-30 01:07:01] [TRACE]   [OmnipathR] Exported RDS to `/home/runner/.cache/OmnipathR/30e690cbb55dfc63b5903ab337f34ffc2f4be397-1.rds`.
[2026-09-30 01:07:01] [INFO]    [OmnipathR] Download ready [key=30e690cbb55dfc63b5903ab337f34ffc2f4be397, version=1]
[2026-09-30 01:07:01] [TRACE]   [OmnipathR] Reading JSON from `/home/runner/.cache/OmnipathR/cache.json` (encoding: UTF-8).
[2026-09-30 01:07:01] [TRACE]   [OmnipathR] JSON validation successful: TRUE
[2026-09-30 01:07:01] [INFO]    [OmnipathR] Cache item `30e690cbb55dfc63b5903ab337f34ffc2f4be397` version 1: status changed from `started` to `ready`.
[2026-09-30 01:07:01] [TRACE]   [OmnipathR] Processing args for OmniPath query
[2026-09-30 01:07:01] [TRACE]   [OmnipathR] Arguments for OmniPath query: [loops=TRUE,organisms=9606,genesymbols=TRUE,query_type=interactions,datasets=collectri]
[2026-09-30 01:07:01] [TRACE]   [OmnipathR] Param in `omnipath_query`: [query_type=interactions,organism=9606,resources=<NULL>,datasets=collectri,types=<NULL>,genesymbols=TRUE,fields=<NULL>,default_fields=TRUE,silent=FALSE,logicals=<NULL>,download_args=[],format=data.frame,references_by_resource=TRUE,add_counts=TRUE,license=<NULL>,password=<NULL>,exclude=<NULL>,json_param=[],strict_evidences=FALSE,genesymbol_resource=UniProt,cache=TRUE]
[2026-09-30 01:07:01] [INFO]    [OmnipathR] Loading database `Ensembl and OMA organism names`.
[2026-09-30 01:07:01] [TRACE]   [OmnipathR] Checking on-disk cache for database `organisms`.
[2026-09-30 01:07:01] [INFO]    [OmnipathR] Cache record does not exist: `db://organisms`
[2026-09-30 01:07:01] [TRACE]   [OmnipathR] Loading database `organisms` from source.
[2026-09-30 01:07:01] [INFO]    [OmnipathR] Looking up in cache `https://www.ensembl.org/info/about/species.html`: key=7332486db7400730697234bad76ca0c8e4d00799, latest version=1.
[2026-09-30 01:07:01] [TRACE]   [OmnipathR] Cache file path: /home/runner/.cache/OmnipathR/7332486db7400730697234bad76ca0c8e4d00799-1.html
[2026-09-30 01:07:01] [TRACE]   [OmnipathR] Downloading by `generic_downloader`.
[2026-09-30 01:07:01] [TRACE]   [OmnipathR] Looking up in cache: `https://omabrowser.org/All/oma-species.txt`.
[2026-09-30 01:07:01] [TRACE]   [OmnipathR] Loaded data from RDS `/home/runner/.cache/OmnipathR/30e690cbb55dfc63b5903ab337f34ffc2f4be397-1.rds`.
[2026-09-30 01:07:01] [WARN]    [OmnipathR] Accessing `collectri` as a static table: this is not the recommended way to access OmniPath data; it is only a backup plan for situations when our server or your computer is experiencing issues.
[2026-09-30 01:07:02] [TRACE]   [OmnipathR] Looking up in cache: `http://no-tls.static.omnipathdb.org/resources/interactions_collectri_9606.tsv.gz`
[2026-09-30 01:07:02] [INFO]    [OmnipathR] Cache record does not exist: `http://no-tls.static.omnipathdb.org/resources/interactions_collectri_9606.tsv.gz`
[2026-09-30 01:07:02] [TRACE]   [OmnipathR] Attempting `http://no-tls.static.omnipathdb.org/resources/interactions_collectri_9606.tsv.gz`
[2026-09-30 01:07:02] [INFO]    [OmnipathR] Retrieving URL: `http://no-tls.static.omnipathdb.org/resources/interactions_collectri_9606.tsv.gz`
[2026-09-30 01:07:02] [TRACE]   [OmnipathR] Attempt 1/3: `http://no-tls.static.omnipathdb.org/resources/interactions_collectri_9606.tsv.gz`
[2026-09-30 01:07:05] [INFO]    [OmnipathR] Successfully retrieved: `http://no-tls.static.omnipathdb.org/resources/interactions_collectri_9606.tsv.gz`
[2026-09-30 01:07:05] [TRACE]   [OmnipathR] Reading JSON from `/home/runner/.cache/OmnipathR/cache.json` (encoding: UTF-8).
[2026-09-30 01:07:05] [TRACE]   [OmnipathR] JSON validation successful: TRUE
[2026-09-30 01:07:05] [TRACE]   [OmnipathR] Reading JSON from `/home/runner/.cache/OmnipathR/cache.json` (encoding: UTF-8).
[2026-09-30 01:07:05] [TRACE]   [OmnipathR] JSON validation successful: TRUE
[2026-09-30 01:07:05] [INFO]    [OmnipathR] Cache item `a2bbed8b281906d09d7cf983d102402e5de5da8c` version 1: status changed from `unknown` to `started`.
[2026-09-30 01:07:05] [TRACE]   [OmnipathR] Exporting object to RDS: `/home/runner/.cache/OmnipathR/a2bbed8b281906d09d7cf983d102402e5de5da8c-1.rds`.
[2026-09-30 01:07:05] [TRACE]   [OmnipathR] Exported RDS to `/home/runner/.cache/OmnipathR/a2bbed8b281906d09d7cf983d102402e5de5da8c-1.rds`.
[2026-09-30 01:07:05] [INFO]    [OmnipathR] Download ready [key=a2bbed8b281906d09d7cf983d102402e5de5da8c, version=1]
[2026-09-30 01:07:05] [TRACE]   [OmnipathR] Reading JSON from `/home/runner/.cache/OmnipathR/cache.json` (encoding: UTF-8).
[2026-09-30 01:07:05] [TRACE]   [OmnipathR] JSON validation successful: TRUE
[2026-09-30 01:07:05] [INFO]    [OmnipathR] Cache item `a2bbed8b281906d09d7cf983d102402e5de5da8c` version 1: status changed from `started` to `ready`.
[2026-09-30 01:07:05] [TRACE]   [OmnipathR] Converting JSON column `evidences` to list.
[2026-09-30 01:07:11] [TRACE]   [OmnipathR] Restricting interaction records to datasets: collectri; and resources: any
[2026-09-30 01:07:25] [TRACE]   [OmnipathR] Reading JSON from `https://omnipathdb.org/resources` (encoding: UTF-8).
[2026-09-30 01:07:26] [TRACE]   [OmnipathR] JSON validation successful: TRUE
[2026-09-30 01:07:26] [INFO]    [OmnipathR] Loading database `Ensembl and OMA organism names`.
[2026-09-30 01:07:26] [TRACE]   [OmnipathR] Checking on-disk cache for database `organisms`.
[2026-09-30 01:07:26] [INFO]    [OmnipathR] Cache record does not exist: `db://organisms`
[2026-09-30 01:07:26] [TRACE]   [OmnipathR] Loading database `organisms` from source.
[2026-09-30 01:07:26] [INFO]    [OmnipathR] Looking up in cache `https://www.ensembl.org/info/about/species.html`: key=7332486db7400730697234bad76ca0c8e4d00799, latest version=1.
[2026-09-30 01:07:26] [TRACE]   [OmnipathR] Cache file path: /home/runner/.cache/OmnipathR/7332486db7400730697234bad76ca0c8e4d00799-1.html
[2026-09-30 01:07:26] [TRACE]   [OmnipathR] Downloading by `generic_downloader`.
[2026-09-30 01:07:26] [TRACE]   [OmnipathR] Looking up in cache: `https://omabrowser.org/All/oma-species.txt`.
[2026-09-30 01:07:26] [TRACE]   [OmnipathR] Loaded data from RDS `/home/runner/.cache/OmnipathR/30e690cbb55dfc63b5903ab337f34ffc2f4be397-1.rds`.
[2026-09-30 01:07:26] [TRACE]   [OmnipathR] Processing args for OmniPath query
[2026-09-30 01:07:26] [TRACE]   [OmnipathR] Arguments for OmniPath query: [wide=TRUE,resources=PROGENy,query_type=annotations]
[2026-09-30 01:07:26] [TRACE]   [OmnipathR] Param in `omnipath_query`: [query_type=annotations,organism=9606,resources=PROGENy,datasets=<NULL>,types=<NULL>,genesymbols=yes,fields=<NULL>,default_fields=TRUE,silent=FALSE,logicals=<NULL>,download_args=[],format=data.frame,references_by_resource=TRUE,add_counts=TRUE,license=<NULL>,password=<NULL>,exclude=<NULL>,json_param=[],strict_evidences=FALSE,genesymbol_resource=UniProt,cache=TRUE]
[2026-09-30 01:07:26] [INFO]    [OmnipathR] Loading database `Ensembl and OMA organism names`.
[2026-09-30 01:07:26] [TRACE]   [OmnipathR] Checking on-disk cache for database `organisms`.
[2026-09-30 01:07:26] [INFO]    [OmnipathR] Cache record does not exist: `db://organisms`
[2026-09-30 01:07:26] [TRACE]   [OmnipathR] Loading database `organisms` from source.
[2026-09-30 01:07:26] [INFO]    [OmnipathR] Looking up in cache `https://www.ensembl.org/info/about/species.html`: key=7332486db7400730697234bad76ca0c8e4d00799, latest version=1.
[2026-09-30 01:07:26] [TRACE]   [OmnipathR] Cache file path: /home/runner/.cache/OmnipathR/7332486db7400730697234bad76ca0c8e4d00799-1.html
[2026-09-30 01:07:26] [TRACE]   [OmnipathR] Downloading by `generic_downloader`.
[2026-09-30 01:07:26] [TRACE]   [OmnipathR] Looking up in cache: `https://omabrowser.org/All/oma-species.txt`.
[2026-09-30 01:07:26] [TRACE]   [OmnipathR] Loaded data from RDS `/home/runner/.cache/OmnipathR/30e690cbb55dfc63b5903ab337f34ffc2f4be397-1.rds`.
[2026-09-30 01:07:26] [WARN]    [OmnipathR] Accessing `PROGENy` as a static table: this is not the recommended way to access OmniPath data; it is only a backup plan for situations when our server or your computer is experiencing issues.
[2026-09-30 01:07:28] [TRACE]   [OmnipathR] Looking up in cache: `http://no-tls.static.omnipathdb.org/resources/annotations_PROGENy_9606.tsv.gz`
[2026-09-30 01:07:28] [INFO]    [OmnipathR] Cache record does not exist: `http://no-tls.static.omnipathdb.org/resources/annotations_PROGENy_9606.tsv.gz`
[2026-09-30 01:07:28] [TRACE]   [OmnipathR] Attempting `http://no-tls.static.omnipathdb.org/resources/annotations_PROGENy_9606.tsv.gz`
[2026-09-30 01:07:28] [INFO]    [OmnipathR] Retrieving URL: `http://no-tls.static.omnipathdb.org/resources/annotations_PROGENy_9606.tsv.gz`
[2026-09-30 01:07:28] [TRACE]   [OmnipathR] Attempt 1/3: `http://no-tls.static.omnipathdb.org/resources/annotations_PROGENy_9606.tsv.gz`
[2026-09-30 01:07:31] [INFO]    [OmnipathR] Successfully retrieved: `http://no-tls.static.omnipathdb.org/resources/annotations_PROGENy_9606.tsv.gz`
[2026-09-30 01:07:31] [TRACE]   [OmnipathR] Reading JSON from `/home/runner/.cache/OmnipathR/cache.json` (encoding: UTF-8).
[2026-09-30 01:07:31] [TRACE]   [OmnipathR] JSON validation successful: TRUE
[2026-09-30 01:07:31] [TRACE]   [OmnipathR] Reading JSON from `/home/runner/.cache/OmnipathR/cache.json` (encoding: UTF-8).
[2026-09-30 01:07:31] [TRACE]   [OmnipathR] JSON validation successful: TRUE
[2026-09-30 01:07:31] [INFO]    [OmnipathR] Cache item `103f85125e0134e3d65e4e63d22c339270d103e8` version 1: status changed from `unknown` to `started`.
[2026-09-30 01:07:31] [TRACE]   [OmnipathR] Exporting object to RDS: `/home/runner/.cache/OmnipathR/103f85125e0134e3d65e4e63d22c339270d103e8-1.rds`.
[2026-09-30 01:07:32] [TRACE]   [OmnipathR] Exported RDS to `/home/runner/.cache/OmnipathR/103f85125e0134e3d65e4e63d22c339270d103e8-1.rds`.
[2026-09-30 01:07:32] [INFO]    [OmnipathR] Download ready [key=103f85125e0134e3d65e4e63d22c339270d103e8, version=1]
[2026-09-30 01:07:32] [TRACE]   [OmnipathR] Reading JSON from `/home/runner/.cache/OmnipathR/cache.json` (encoding: UTF-8).
[2026-09-30 01:07:32] [TRACE]   [OmnipathR] JSON validation successful: TRUE
[2026-09-30 01:07:32] [INFO]    [OmnipathR] Cache item `103f85125e0134e3d65e4e63d22c339270d103e8` version 1: status changed from `started` to `ready`.
[2026-09-30 01:07:32] [SUCCESS] [OmnipathR] Downloaded 700239 annotation records.
[2026-09-30 01:07:36] [TRACE]   [OmnipathR] Reading JSON from `https://omnipathdb.org/resources` (encoding: UTF-8).
[2026-09-30 01:07:36] [TRACE]   [OmnipathR] JSON validation successful: TRUE
[2026-09-30 01:07:37] [INFO]    [OmnipathR] Loading database `Ensembl and OMA organism names`.
[2026-09-30 01:07:37] [TRACE]   [OmnipathR] Checking on-disk cache for database `organisms`.
[2026-09-30 01:07:37] [INFO]    [OmnipathR] Cache record does not exist: `db://organisms`
[2026-09-30 01:07:37] [TRACE]   [OmnipathR] Loading database `organisms` from source.
[2026-09-30 01:07:37] [INFO]    [OmnipathR] Looking up in cache `https://www.ensembl.org/info/about/species.html`: key=7332486db7400730697234bad76ca0c8e4d00799, latest version=1.
[2026-09-30 01:07:37] [TRACE]   [OmnipathR] Cache file path: /home/runner/.cache/OmnipathR/7332486db7400730697234bad76ca0c8e4d00799-1.html
[2026-09-30 01:07:37] [TRACE]   [OmnipathR] Downloading by `generic_downloader`.
[2026-09-30 01:07:37] [TRACE]   [OmnipathR] Looking up in cache: `https://omabrowser.org/All/oma-species.txt`.
[2026-09-30 01:07:37] [TRACE]   [OmnipathR] Loaded data from RDS `/home/runner/.cache/OmnipathR/30e690cbb55dfc63b5903ab337f34ffc2f4be397-1.rds`.
[2026-09-30 01:07:37] [TRACE]   [OmnipathR] Processing args for OmniPath query
[2026-09-30 01:07:37] [TRACE]   [OmnipathR] Arguments for OmniPath query: [wide=TRUE,resources=PROGENy,query_type=annotations]
[2026-09-30 01:07:37] [TRACE]   [OmnipathR] Param in `omnipath_query`: [query_type=annotations,organism=9606,resources=PROGENy,datasets=<NULL>,types=<NULL>,genesymbols=yes,fields=<NULL>,default_fields=TRUE,silent=FALSE,logicals=<NULL>,download_args=[],format=data.frame,references_by_resource=TRUE,add_counts=TRUE,license=<NULL>,password=<NULL>,exclude=<NULL>,json_param=[],strict_evidences=FALSE,genesymbol_resource=UniProt,cache=TRUE]
[2026-09-30 01:07:37] [INFO]    [OmnipathR] Loading database `Ensembl and OMA organism names`.
[2026-09-30 01:07:37] [TRACE]   [OmnipathR] Checking on-disk cache for database `organisms`.
[2026-09-30 01:07:37] [INFO]    [OmnipathR] Cache record does not exist: `db://organisms`
[2026-09-30 01:07:37] [TRACE]   [OmnipathR] Loading database `organisms` from source.
[2026-09-30 01:07:37] [INFO]    [OmnipathR] Looking up in cache `https://www.ensembl.org/info/about/species.html`: key=7332486db7400730697234bad76ca0c8e4d00799, latest version=1.
[2026-09-30 01:07:37] [TRACE]   [OmnipathR] Cache file path: /home/runner/.cache/OmnipathR/7332486db7400730697234bad76ca0c8e4d00799-1.html
[2026-09-30 01:07:37] [TRACE]   [OmnipathR] Downloading by `generic_downloader`.
[2026-09-30 01:07:37] [TRACE]   [OmnipathR] Looking up in cache: `https://omabrowser.org/All/oma-species.txt`.
[2026-09-30 01:07:37] [TRACE]   [OmnipathR] Loaded data from RDS `/home/runner/.cache/OmnipathR/30e690cbb55dfc63b5903ab337f34ffc2f4be397-1.rds`.
[2026-09-30 01:07:37] [WARN]    [OmnipathR] Accessing `PROGENy` as a static table: this is not the recommended way to access OmniPath data; it is only a backup plan for situations when our server or your computer is experiencing issues.
[2026-09-30 01:07:37] [TRACE]   [OmnipathR] Looking up in cache: `http://no-tls.static.omnipathdb.org/resources/annotations_PROGENy_9606.tsv.gz`
[2026-09-30 01:07:38] [TRACE]   [OmnipathR] Loaded data from RDS `/home/runner/.cache/OmnipathR/103f85125e0134e3d65e4e63d22c339270d103e8-1.rds`.
[2026-09-30 01:07:38] [INFO]    [OmnipathR] Loaded from cache: `http://no-tls.static.omnipathdb.org/resources/annotations_PROGENy_9606.tsv.gz`
[2026-09-30 01:07:38] [SUCCESS] [OmnipathR] Loaded 700239 annotation records from cache.
